[INFO] Scanning for projects...
[INFO] 
[INFO] ---------------------< com.fintech:finpro-backend >---------------------
[INFO] Building Finpro Backend 1.0.0
[INFO]   from pom.xml
[INFO] --------------------------------[ jar ]---------------------------------
[INFO] 
[INFO] --- clean:3.3.2:clean (default-clean) @ finpro-backend ---
[INFO] Deleting G:\Earnmore\Finpro\backend\target
[INFO] 
[INFO] --- resources:3.3.1:resources (default-resources) @ finpro-backend ---
[INFO] Copying 1 resource from src\main\resources to target\classes
[INFO] Copying 36 resources from src\main\resources to target\classes
[INFO] 
[INFO] --- compiler:3.11.0:compile (default-compile) @ finpro-backend ---
[INFO] Changes detected - recompiling the module! :source
[INFO] Compiling 130 source files with javac [debug release 21] to target\classes
[INFO] Annotation processing is enabled because one or more processors were found
  on the class path. A future release of javac may disable annotation processing
  unless at least one processor is specified by name (-processor), or a search
  path is specified (--processor-path, --processor-module-path), or annotation
  processing is enabled explicitly (-proc:only, -proc:full).
  Use -Xlint:-options to suppress this message.
  Use -proc:none to disable annotation processing.
[INFO] -------------------------------------------------------------
[ERROR] COMPILATION ERROR : 
[INFO] -------------------------------------------------------------
[ERROR] /G:/Earnmore/Finpro/backend/src/main/java/com/fintech/finpro/service/IPOApplicationService.java:[263,77] variable customerPortfolioRepository is already defined in class com.fintech.finpro.service.IPOApplicationService
[ERROR] /G:/Earnmore/Finpro/backend/src/main/java/com/fintech/finpro/entity/Investor.java:[62,65] cannot find symbol
  symbol:   method getBalance()
  location: variable capitalAccount of type com.fintech.finpro.entity.SystemAccount
[ERROR] /G:/Earnmore/Finpro/backend/src/main/java/com/fintech/finpro/service/InvestorService.java:[35,49] cannot find symbol
  symbol:   method getEmail()
  location: variable request of type com.fintech.finpro.dto.CreateInvestorRequest
[ERROR] /G:/Earnmore/Finpro/backend/src/main/java/com/fintech/finpro/service/InvestorService.java:[36,74] cannot find symbol
  symbol:   method getEmail()
  location: variable request of type com.fintech.finpro.dto.CreateInvestorRequest
[ERROR] /G:/Earnmore/Finpro/backend/src/main/java/com/fintech/finpro/service/InvestorService.java:[41,25] cannot find symbol
  symbol:   method builder()
  location: class com.fintech.finpro.entity.User
[ERROR] /G:/Earnmore/Finpro/backend/src/main/java/com/fintech/finpro/service/InvestorService.java:[42,31] cannot find symbol
  symbol:   method getEmail()
  location: variable request of type com.fintech.finpro.dto.CreateInvestorRequest
[ERROR] /G:/Earnmore/Finpro/backend/src/main/java/com/fintech/finpro/service/InvestorService.java:[43,30] cannot find symbol
  symbol:   method getName()
  location: variable request of type com.fintech.finpro.dto.CreateInvestorRequest
[ERROR] /G:/Earnmore/Finpro/backend/src/main/java/com/fintech/finpro/service/InvestorService.java:[46,38] cannot find symbol
  symbol:   method getTenantId()
  location: variable currentUser of type com.fintech.finpro.entity.User
[ERROR] /G:/Earnmore/Finpro/backend/src/main/java/com/fintech/finpro/service/InvestorService.java:[51,31] cannot find symbol
  symbol:   method getPhone()
  location: variable request of type com.fintech.finpro.dto.CreateInvestorRequest
[ERROR] /G:/Earnmore/Finpro/backend/src/main/java/com/fintech/finpro/service/InvestorService.java:[57,57] cannot find symbol
  symbol:   method getInitialInvestment()
  location: variable request of type com.fintech.finpro.dto.CreateInvestorRequest
[ERROR] /G:/Earnmore/Finpro/backend/src/main/java/com/fintech/finpro/service/InvestorService.java:[58,24] cannot find symbol
  symbol:   method getNickname()
  location: variable request of type com.fintech.finpro.dto.CreateInvestorRequest
[ERROR] /G:/Earnmore/Finpro/backend/src/main/java/com/fintech/finpro/service/InvestorService.java:[58,56] cannot find symbol
  symbol:   method getNickname()
  location: variable request of type com.fintech.finpro.dto.CreateInvestorRequest
[ERROR] /G:/Earnmore/Finpro/backend/src/main/java/com/fintech/finpro/service/InvestorService.java:[58,80] cannot find symbol
  symbol:   method getName()
  location: variable request of type com.fintech.finpro.dto.CreateInvestorRequest
[ERROR] /G:/Earnmore/Finpro/backend/src/main/java/com/fintech/finpro/service/InvestorService.java:[72,51] cannot find symbol
  symbol:   method getName()
  location: variable user of type com.fintech.finpro.entity.User
[ERROR] /G:/Earnmore/Finpro/backend/src/main/java/com/fintech/finpro/service/InvestorService.java:[81,37] cannot find symbol
  symbol:   method builder()
  location: class com.fintech.finpro.entity.Investor
[ERROR] /G:/Earnmore/Finpro/backend/src/main/java/com/fintech/finpro/service/InvestorService.java:[84,61] cannot find symbol
  symbol:   method getName()
  location: variable user of type com.fintech.finpro.entity.User
[ERROR] /G:/Earnmore/Finpro/backend/src/main/java/com/fintech/finpro/service/InvestorService.java:[107,42] cannot find symbol
  symbol:   method builder()
  location: class com.fintech.finpro.entity.Investor
[ERROR] /G:/Earnmore/Finpro/backend/src/main/java/com/fintech/finpro/service/InvestorService.java:[129,36] cannot find symbol
  symbol:   method getIsAdmin()
  location: variable inv of type com.fintech.finpro.entity.Investor
[ERROR] /G:/Earnmore/Finpro/backend/src/main/java/com/fintech/finpro/service/InvestorService.java:[129,56] cannot find symbol
  symbol:   method getInvestorCode()
  location: variable inv of type com.fintech.finpro.entity.Investor
[ERROR] /G:/Earnmore/Finpro/backend/src/main/java/com/fintech/finpro/service/InvestorService.java:[132,52] cannot find symbol
  symbol:   method getInvestorCode()
  location: variable inv of type com.fintech.finpro.entity.Investor
[ERROR] /G:/Earnmore/Finpro/backend/src/main/java/com/fintech/finpro/service/InvestorService.java:[157,43] cannot find symbol
  symbol:   method getTotalInvested()
  location: variable investor of type com.fintech.finpro.entity.Investor
[ERROR] /G:/Earnmore/Finpro/backend/src/main/java/com/fintech/finpro/service/InvestorService.java:[160,51] cannot find symbol
  symbol:   method getCapitalAccount()
  location: variable investor of type com.fintech.finpro.entity.Investor
[ERROR] /G:/Earnmore/Finpro/backend/src/main/java/com/fintech/finpro/service/SystemAccountService.java:[29,9] cannot find symbol
  symbol:   variable log
  location: class com.fintech.finpro.service.SystemAccountService
[ERROR] /G:/Earnmore/Finpro/backend/src/main/java/com/fintech/finpro/service/SystemAccountService.java:[33,54] cannot find symbol
  symbol:   method builder()
  location: class com.fintech.finpro.entity.SystemAccount
[ERROR] /G:/Earnmore/Finpro/backend/src/main/java/com/fintech/finpro/service/SystemAccountService.java:[41,13] cannot find symbol
  symbol:   variable log
  location: class com.fintech.finpro.service.SystemAccountService
[ERROR] /G:/Earnmore/Finpro/backend/src/main/java/com/fintech/finpro/service/SystemAccountService.java:[46,55] cannot find symbol
  symbol:   method builder()
  location: class com.fintech.finpro.entity.SystemAccount
[ERROR] /G:/Earnmore/Finpro/backend/src/main/java/com/fintech/finpro/service/SystemAccountService.java:[54,13] cannot find symbol
  symbol:   variable log
  location: class com.fintech.finpro.service.SystemAccountService
[ERROR] /G:/Earnmore/Finpro/backend/src/main/java/com/fintech/finpro/service/SystemAccountService.java:[59,59] cannot find symbol
  symbol:   method builder()
  location: class com.fintech.finpro.entity.SystemAccount
[ERROR] /G:/Earnmore/Finpro/backend/src/main/java/com/fintech/finpro/service/SystemAccountService.java:[67,13] cannot find symbol
  symbol:   variable log
  location: class com.fintech.finpro.service.SystemAccountService
[ERROR] /G:/Earnmore/Finpro/backend/src/main/java/com/fintech/finpro/service/SystemAccountService.java:[70,9] cannot find symbol
  symbol:   variable log
  location: class com.fintech.finpro.service.SystemAccountService
[ERROR] /G:/Earnmore/Finpro/backend/src/main/java/com/fintech/finpro/service/SystemAccountService.java:[82,53] cannot find symbol
  symbol:   method builder()
  location: class com.fintech.finpro.entity.SystemAccount
[ERROR] /G:/Earnmore/Finpro/backend/src/main/java/com/fintech/finpro/service/SystemAccountService.java:[92,9] cannot find symbol
  symbol:   variable log
  location: class com.fintech.finpro.service.SystemAccountService
[ERROR] /G:/Earnmore/Finpro/backend/src/main/java/com/fintech/finpro/service/SystemAccountService.java:[103,50] cannot find symbol
  symbol:   method getAccountNumber()
  location: class com.fintech.finpro.entity.SystemAccount
[ERROR] /G:/Earnmore/Finpro/backend/src/main/java/com/fintech/finpro/service/SystemAccountService.java:[167,16] cannot find symbol
  symbol:   method setBalance(java.math.BigDecimal)
  location: variable account of type com.fintech.finpro.entity.SystemAccount
[ERROR] /G:/Earnmore/Finpro/backend/src/main/java/com/fintech/finpro/service/SystemAccountService.java:[169,9] cannot find symbol
  symbol:   variable log
  location: class com.fintech.finpro.service.SystemAccountService
[ERROR] /G:/Earnmore/Finpro/backend/src/main/java/com/fintech/finpro/service/SystemAccountService.java:[169,65] cannot find symbol
  symbol:   method getAccountNumber()
  location: variable account of type com.fintech.finpro.entity.SystemAccount
[ERROR] /G:/Earnmore/Finpro/backend/src/main/java/com/fintech/finpro/service/SystemAccountService.java:[178,35] cannot find symbol
  symbol:   method getBalance()
  location: variable account of type com.fintech.finpro.entity.SystemAccount
[ERROR] /G:/Earnmore/Finpro/backend/src/main/java/com/fintech/finpro/service/SystemAccountService.java:[180,9] cannot find symbol
  symbol:   variable log
  location: class com.fintech.finpro.service.SystemAccountService
[ERROR] /G:/Earnmore/Finpro/backend/src/main/java/com/fintech/finpro/service/SystemAccountService.java:[180,76] cannot find symbol
  symbol:   method getAccountNumber()
  location: variable account of type com.fintech.finpro.entity.SystemAccount
[ERROR] /G:/Earnmore/Finpro/backend/src/main/java/com/fintech/finpro/service/SystemAccountService.java:[180,104] cannot find symbol
  symbol:   method getBalance()
  location: variable account of type com.fintech.finpro.entity.SystemAccount
[ERROR] /G:/Earnmore/Finpro/backend/src/main/java/com/fintech/finpro/service/SystemAccountService.java:[189,40] cannot find symbol
  symbol:   method getBalance()
  location: variable account of type com.fintech.finpro.entity.SystemAccount
[ERROR] /G:/Earnmore/Finpro/backend/src/main/java/com/fintech/finpro/service/SystemAccountService.java:[192,84] cannot find symbol
  symbol:   method getAccountNumber()
  location: variable account of type com.fintech.finpro.entity.SystemAccount
[ERROR] /G:/Earnmore/Finpro/backend/src/main/java/com/fintech/finpro/service/SystemAccountService.java:[195,16] cannot find symbol
  symbol:   method setBalance(java.math.BigDecimal)
  location: variable account of type com.fintech.finpro.entity.SystemAccount
[ERROR] /G:/Earnmore/Finpro/backend/src/main/java/com/fintech/finpro/service/SystemAccountService.java:[197,9] cannot find symbol
  symbol:   variable log
  location: class com.fintech.finpro.service.SystemAccountService
[ERROR] /G:/Earnmore/Finpro/backend/src/main/java/com/fintech/finpro/service/SystemAccountService.java:[197,83] cannot find symbol
  symbol:   method getAccountNumber()
  location: variable account of type com.fintech.finpro.entity.SystemAccount
[ERROR] /G:/Earnmore/Finpro/backend/src/main/java/com/fintech/finpro/service/SystemAccountService.java:[198,24] cannot find symbol
  symbol:   method getBalance()
  location: variable account of type com.fintech.finpro.entity.SystemAccount
[ERROR] /G:/Earnmore/Finpro/backend/src/main/java/com/fintech/finpro/service/SystemAccountService.java:[216,20] cannot find symbol
  symbol:   method getOwnerId()
  location: variable account of type com.fintech.finpro.entity.SystemAccount
[ERROR] /G:/Earnmore/Finpro/backend/src/main/java/com/fintech/finpro/service/SystemAccountService.java:[244,28] cannot find symbol
  symbol:   method getAccountCode()
  location: variable account of type com.fintech.finpro.entity.SystemAccount
[ERROR] /G:/Earnmore/Finpro/backend/src/main/java/com/fintech/finpro/service/SystemAccountService.java:[247,35] cannot find symbol
  symbol:   method getAccountCode()
  location: variable account of type com.fintech.finpro.entity.SystemAccount
[ERROR] /G:/Earnmore/Finpro/backend/src/main/java/com/fintech/finpro/service/SystemAccountService.java:[274,34] cannot find symbol
  symbol:   method getAmount()
  location: variable t of type com.fintech.finpro.entity.LedgerTransaction
[ERROR] /G:/Earnmore/Finpro/backend/src/main/java/com/fintech/finpro/service/SystemAccountService.java:[279,18] cannot find symbol
  symbol:   method getCreditAccount()
  location: variable t of type com.fintech.finpro.entity.LedgerTransaction
[ERROR] /G:/Earnmore/Finpro/backend/src/main/java/com/fintech/finpro/service/SystemAccountService.java:[281,25] cannot find symbol
  symbol:   method getDebitAccount()
  location: variable t of type com.fintech.finpro.entity.LedgerTransaction
[ERROR] /G:/Earnmore/Finpro/backend/src/main/java/com/fintech/finpro/service/SystemAccountService.java:[285,74] cannot find symbol
  symbol:   method builder()
  location: class com.fintech.finpro.dto.BankTransactionDTO
[ERROR] /G:/Earnmore/Finpro/backend/src/main/java/com/fintech/finpro/service/SystemAccountService.java:[288,28] cannot find symbol
  symbol:   method getTransactionType()
  location: variable t of type com.fintech.finpro.entity.LedgerTransaction
[ERROR] /G:/Earnmore/Finpro/backend/src/main/java/com/fintech/finpro/service/SystemAccountService.java:[289,30] cannot find symbol
  symbol:   method getAmount()
  location: variable t of type com.fintech.finpro.entity.LedgerTransaction
[ERROR] /G:/Earnmore/Finpro/backend/src/main/java/com/fintech/finpro/service/SystemAccountService.java:[291,35] cannot find symbol
  symbol:   method getParticulars()
  location: variable t of type com.fintech.finpro.entity.LedgerTransaction
[ERROR] /G:/Earnmore/Finpro/backend/src/main/java/com/fintech/finpro/service/SystemAccountService.java:[292,35] cannot find symbol
  symbol:   method getReferenceId()
  location: variable t of type com.fintech.finpro.entity.LedgerTransaction
[ERROR] /G:/Earnmore/Finpro/backend/src/main/java/com/fintech/finpro/service/SystemAccountService.java:[293,30] cannot find symbol
  symbol:   method getStatus()
  location: variable t of type com.fintech.finpro.entity.LedgerTransaction
[ERROR] /G:/Earnmore/Finpro/backend/src/main/java/com/fintech/finpro/service/SystemAccountService.java:[300,58] cannot find symbol
  symbol:   method builder()
  location: class com.fintech.finpro.dto.AccountStatementDTO
[ERROR] /G:/Earnmore/Finpro/backend/src/main/java/com/fintech/finpro/service/SystemAccountService.java:[302,39] cannot find symbol
  symbol:   method getAccountNumber()
  location: variable account of type com.fintech.finpro.entity.SystemAccount
[ERROR] /G:/Earnmore/Finpro/backend/src/main/java/com/fintech/finpro/service/SystemAccountService.java:[305,40] cannot find symbol
  symbol:   method getBalance()
  location: variable account of type com.fintech.finpro.entity.SystemAccount
[ERROR] /G:/Earnmore/Finpro/backend/src/main/java/com/fintech/finpro/service/LedgerService.java:[29,101] cannot find symbol
  symbol:   method builder()
  location: class com.fintech.finpro.entity.LedgerAccount
[ERROR] /G:/Earnmore/Finpro/backend/src/main/java/com/fintech/finpro/service/LedgerService.java:[57,45] cannot find symbol
  symbol:   method getBalance()
  location: variable debitAcc of type com.fintech.finpro.entity.LedgerAccount
[ERROR] /G:/Earnmore/Finpro/backend/src/main/java/com/fintech/finpro/service/LedgerService.java:[58,47] cannot find symbol
  symbol:   method getBalance()
  location: variable creditAcc of type com.fintech.finpro.entity.LedgerAccount
[ERROR] /G:/Earnmore/Finpro/backend/src/main/java/com/fintech/finpro/service/LedgerService.java:[64,66] cannot find symbol
  symbol:   method builder()
  location: class com.fintech.finpro.entity.LedgerTransaction
[ERROR] /G:/Earnmore/Finpro/backend/src/main/java/com/fintech/finpro/service/LedgerService.java:[77,28] cannot find symbol
  symbol:   method setReferenceId(java.lang.String)
  location: variable transaction of type com.fintech.finpro.entity.LedgerTransaction
[ERROR] /G:/Earnmore/Finpro/backend/src/main/java/com/fintech/finpro/service/LedgerService.java:[121,94] cannot find symbol
  symbol:   method builder()
  location: class com.fintech.finpro.entity.LedgerAccount
[ERROR] /G:/Earnmore/Finpro/backend/src/main/java/com/fintech/finpro/service/LedgerService.java:[136,51] cannot find symbol
  symbol:   method getAccountType()
  location: variable acc of type com.fintech.finpro.entity.LedgerAccount
[ERROR] /G:/Earnmore/Finpro/backend/src/main/java/com/fintech/finpro/service/LedgerService.java:[137,55] cannot find symbol
  symbol:   method getAccountType()
  location: variable acc of type com.fintech.finpro.entity.LedgerAccount
[ERROR] /G:/Earnmore/Finpro/backend/src/main/java/com/fintech/finpro/service/LedgerService.java:[154,93] cannot find symbol
  symbol:   method builder()
  location: class com.fintech.finpro.entity.LedgerAccount
[ERROR] /G:/Earnmore/Finpro/backend/src/main/java/com/fintech/finpro/service/LedgerService.java:[177,46] cannot find symbol
  symbol:   method getOwnerId()
  location: variable targetAccount of type com.fintech.finpro.entity.SystemAccount
[ERROR] /G:/Earnmore/Finpro/backend/src/main/java/com/fintech/finpro/service/LedgerService.java:[205,46] cannot find symbol
  symbol:   method getOwnerId()
  location: variable targetAccount of type com.fintech.finpro.entity.SystemAccount
[ERROR] /G:/Earnmore/Finpro/backend/src/main/java/com/fintech/finpro/service/LedgerService.java:[238,86] cannot find symbol
  symbol:   method builder()
  location: class com.fintech.finpro.dto.BankTransactionDTO
[ERROR] /G:/Earnmore/Finpro/backend/src/main/java/com/fintech/finpro/service/LedgerService.java:[241,48] cannot find symbol
  symbol:   method getTransactionType()
  location: variable t of type com.fintech.finpro.entity.LedgerTransaction
[ERROR] /G:/Earnmore/Finpro/backend/src/main/java/com/fintech/finpro/service/LedgerService.java:[241,81] cannot find symbol
  symbol:   method getTransactionType()
  location: variable t of type com.fintech.finpro.entity.LedgerTransaction
[ERROR] /G:/Earnmore/Finpro/backend/src/main/java/com/fintech/finpro/service/LedgerService.java:[243,50] cannot find symbol
  symbol:   method getAmount()
  location: variable t of type com.fintech.finpro.entity.LedgerTransaction
[ERROR] /G:/Earnmore/Finpro/backend/src/main/java/com/fintech/finpro/service/LedgerService.java:[244,55] cannot find symbol
  symbol:   method getParticulars()
  location: variable t of type com.fintech.finpro.entity.LedgerTransaction
[ERROR] /G:/Earnmore/Finpro/backend/src/main/java/com/fintech/finpro/service/LedgerService.java:[245,55] cannot find symbol
  symbol:   method getReferenceId()
  location: variable t of type com.fintech.finpro.entity.LedgerTransaction
[ERROR] /G:/Earnmore/Finpro/backend/src/main/java/com/fintech/finpro/service/LedgerService.java:[246,50] cannot find symbol
  symbol:   method getStatus()
  location: variable t of type com.fintech.finpro.entity.LedgerTransaction
[ERROR] /G:/Earnmore/Finpro/backend/src/main/java/com/fintech/finpro/service/LedgerService.java:[250,66] cannot find symbol
  symbol:   method builder()
  location: class com.fintech.finpro.dto.AccountStatementDTO
[ERROR] /G:/Earnmore/Finpro/backend/src/main/java/com/fintech/finpro/service/LedgerService.java:[256,56] cannot find symbol
  symbol:   method getBalance()
  location: variable account of type com.fintech.finpro.entity.LedgerAccount
[ERROR] /G:/Earnmore/Finpro/backend/src/main/java/com/fintech/finpro/service/CustomerService.java:[41,37] cannot find symbol
  symbol:   method builder()
  location: class com.fintech.finpro.entity.Customer
[ERROR] /G:/Earnmore/Finpro/backend/src/main/java/com/fintech/finpro/service/CustomerService.java:[42,31] cannot find symbol
  symbol:   method getFirstName()
  location: variable dto of type com.fintech.finpro.dto.CustomerCreateDTO
[ERROR] /G:/Earnmore/Finpro/backend/src/main/java/com/fintech/finpro/service/CustomerService.java:[43,30] cannot find symbol
  symbol:   method getLastName()
  location: variable dto of type com.fintech.finpro.dto.CustomerCreateDTO
[ERROR] /G:/Earnmore/Finpro/backend/src/main/java/com/fintech/finpro/service/CustomerService.java:[44,27] cannot find symbol
  symbol:   method getEmail()
  location: variable dto of type com.fintech.finpro.dto.CustomerCreateDTO
[ERROR] /G:/Earnmore/Finpro/backend/src/main/java/com/fintech/finpro/service/CustomerService.java:[45,27] cannot find symbol
  symbol:   method getPhone()
  location: variable dto of type com.fintech.finpro.dto.CustomerCreateDTO
[ERROR] /G:/Earnmore/Finpro/backend/src/main/java/com/fintech/finpro/service/CustomerService.java:[46,28] cannot find symbol
  symbol:   method getGender()
  location: variable dto of type com.fintech.finpro.dto.CustomerCreateDTO
[ERROR] /G:/Earnmore/Finpro/backend/src/main/java/com/fintech/finpro/service/CustomerService.java:[47,33] cannot find symbol
  symbol:   method getDateOfBirth()
  location: variable dto of type com.fintech.finpro.dto.CustomerCreateDTO
[ERROR] /G:/Earnmore/Finpro/backend/src/main/java/com/fintech/finpro/service/CustomerService.java:[48,35] cannot find symbol
  symbol:   method getContactNumber()
  location: variable dto of type com.fintech.finpro.dto.CustomerCreateDTO
[ERROR] /G:/Earnmore/Finpro/backend/src/main/java/com/fintech/finpro/service/CustomerService.java:[49,39] cannot find symbol
  symbol:   method getBankAccountNumber()
  location: variable dto of type com.fintech.finpro.dto.CustomerCreateDTO
[ERROR] /G:/Earnmore/Finpro/backend/src/main/java/com/fintech/finpro/service/CustomerService.java:[50,29] cannot find symbol
  symbol:   method getAddress()
  location: variable dto of type com.fintech.finpro.dto.CustomerCreateDTO
[ERROR] /G:/Earnmore/Finpro/backend/src/main/java/com/fintech/finpro/service/CustomerService.java:[51,39] cannot find symbol
  symbol:   method getCitizenshipNumber()
  location: variable dto of type com.fintech.finpro.dto.CustomerCreateDTO
[ERROR] /G:/Earnmore/Finpro/backend/src/main/java/com/fintech/finpro/service/CustomerService.java:[52,31] cannot find symbol
  symbol:   method getNidNumber()
  location: variable dto of type com.fintech.finpro.dto.CustomerCreateDTO
[ERROR] /G:/Earnmore/Finpro/backend/src/main/java/com/fintech/finpro/service/CustomerService.java:[54,31] cannot find symbol
  symbol:   method getPhotoPath()
  location: variable dto of type com.fintech.finpro.dto.CustomerCreateDTO
[ERROR] /G:/Earnmore/Finpro/backend/src/main/java/com/fintech/finpro/service/CustomerService.java:[55,35] cannot find symbol
  symbol:   method getSignaturePath()
  location: variable dto of type com.fintech.finpro.dto.CustomerCreateDTO
[ERROR] /G:/Earnmore/Finpro/backend/src/main/java/com/fintech/finpro/service/CustomerService.java:[56,39] cannot find symbol
  symbol:   method getGuardianPhotoPath()
  location: variable dto of type com.fintech.finpro.dto.CustomerCreateDTO
[ERROR] /G:/Earnmore/Finpro/backend/src/main/java/com/fintech/finpro/service/CustomerService.java:[57,43] cannot find symbol
  symbol:   method getGuardianSignaturePath()
  location: variable dto of type com.fintech.finpro.dto.CustomerCreateDTO
[ERROR] /G:/Earnmore/Finpro/backend/src/main/java/com/fintech/finpro/service/CustomerService.java:[63,70] cannot find symbol
  symbol:   method setCreatedByUserId(java.lang.Long)
  location: variable customer of type com.fintech.finpro.entity.Customer
[ERROR] /G:/Earnmore/Finpro/backend/src/main/java/com/fintech/finpro/service/CustomerService.java:[68,21] cannot find symbol
  symbol:   method setKycStatus(java.lang.String)
  location: variable customer of type com.fintech.finpro.entity.Customer
[ERROR] /G:/Earnmore/Finpro/backend/src/main/java/com/fintech/finpro/service/CustomerService.java:[70,21] cannot find symbol
  symbol:   method setKycStatus(java.lang.String)
  location: variable customer of type com.fintech.finpro.entity.Customer
[INFO] 100 errors 
[INFO] -------------------------------------------------------------
[INFO] ------------------------------------------------------------------------
[INFO] BUILD FAILURE
[INFO] ------------------------------------------------------------------------
[INFO] Total time:  17.050 s
[INFO] Finished at: 2026-02-14T11:39:58+05:45
[INFO] ------------------------------------------------------------------------
[ERROR] Failed to execute goal org.apache.maven.plugins:maven-compiler-plugin:3.11.0:compile (default-compile) on project finpro-backend: Compilation failure: Compilation failure: 
[ERROR] /G:/Earnmore/Finpro/backend/src/main/java/com/fintech/finpro/service/IPOApplicationService.java:[263,77] variable customerPortfolioRepository is already defined in class com.fintech.finpro.service.IPOApplicationService
[ERROR] /G:/Earnmore/Finpro/backend/src/main/java/com/fintech/finpro/entity/Investor.java:[62,65] cannot find symbol
[ERROR]   symbol:   method getBalance()
[ERROR]   location: variable capitalAccount of type com.fintech.finpro.entity.SystemAccount
[ERROR] /G:/Earnmore/Finpro/backend/src/main/java/com/fintech/finpro/service/InvestorService.java:[35,49] cannot find symbol
[ERROR]   symbol:   method getEmail()
[ERROR]   location: variable request of type com.fintech.finpro.dto.CreateInvestorRequest
[ERROR] /G:/Earnmore/Finpro/backend/src/main/java/com/fintech/finpro/service/InvestorService.java:[36,74] cannot find symbol
[ERROR]   symbol:   method getEmail()
[ERROR]   location: variable request of type com.fintech.finpro.dto.CreateInvestorRequest
[ERROR] /G:/Earnmore/Finpro/backend/src/main/java/com/fintech/finpro/service/InvestorService.java:[41,25] cannot find symbol
[ERROR]   symbol:   method builder()
[ERROR]   location: class com.fintech.finpro.entity.User
[ERROR] /G:/Earnmore/Finpro/backend/src/main/java/com/fintech/finpro/service/InvestorService.java:[42,31] cannot find symbol
[ERROR]   symbol:   method getEmail()
[ERROR]   location: variable request of type com.fintech.finpro.dto.CreateInvestorRequest
[ERROR] /G:/Earnmore/Finpro/backend/src/main/java/com/fintech/finpro/service/InvestorService.java:[43,30] cannot find symbol
[ERROR]   symbol:   method getName()
[ERROR]   location: variable request of type com.fintech.finpro.dto.CreateInvestorRequest
[ERROR] /G:/Earnmore/Finpro/backend/src/main/java/com/fintech/finpro/service/InvestorService.java:[46,38] cannot find symbol
[ERROR]   symbol:   method getTenantId()
[ERROR]   location: variable currentUser of type com.fintech.finpro.entity.User
[ERROR] /G:/Earnmore/Finpro/backend/src/main/java/com/fintech/finpro/service/InvestorService.java:[51,31] cannot find symbol
[ERROR]   symbol:   method getPhone()
[ERROR]   location: variable request of type com.fintech.finpro.dto.CreateInvestorRequest
[ERROR] /G:/Earnmore/Finpro/backend/src/main/java/com/fintech/finpro/service/InvestorService.java:[57,57] cannot find symbol
[ERROR]   symbol:   method getInitialInvestment()
[ERROR]   location: variable request of type com.fintech.finpro.dto.CreateInvestorRequest
[ERROR] /G:/Earnmore/Finpro/backend/src/main/java/com/fintech/finpro/service/InvestorService.java:[58,24] cannot find symbol
[ERROR]   symbol:   method getNickname()
[ERROR]   location: variable request of type com.fintech.finpro.dto.CreateInvestorRequest
[ERROR] /G:/Earnmore/Finpro/backend/src/main/java/com/fintech/finpro/service/InvestorService.java:[58,56] cannot find symbol
[ERROR]   symbol:   method getNickname()
[ERROR]   location: variable request of type com.fintech.finpro.dto.CreateInvestorRequest
[ERROR] /G:/Earnmore/Finpro/backend/src/main/java/com/fintech/finpro/service/InvestorService.java:[58,80] cannot find symbol
[ERROR]   symbol:   method getName()
[ERROR]   location: variable request of type com.fintech.finpro.dto.CreateInvestorRequest
[ERROR] /G:/Earnmore/Finpro/backend/src/main/java/com/fintech/finpro/service/InvestorService.java:[72,51] cannot find symbol
[ERROR]   symbol:   method getName()
[ERROR]   location: variable user of type com.fintech.finpro.entity.User
[ERROR] /G:/Earnmore/Finpro/backend/src/main/java/com/fintech/finpro/service/InvestorService.java:[81,37] cannot find symbol
[ERROR]   symbol:   method builder()
[ERROR]   location: class com.fintech.finpro.entity.Investor
[ERROR] /G:/Earnmore/Finpro/backend/src/main/java/com/fintech/finpro/service/InvestorService.java:[84,61] cannot find symbol
[ERROR]   symbol:   method getName()
[ERROR]   location: variable user of type com.fintech.finpro.entity.User
[ERROR] /G:/Earnmore/Finpro/backend/src/main/java/com/fintech/finpro/service/InvestorService.java:[107,42] cannot find symbol
[ERROR]   symbol:   method builder()
[ERROR]   location: class com.fintech.finpro.entity.Investor
[ERROR] /G:/Earnmore/Finpro/backend/src/main/java/com/fintech/finpro/service/InvestorService.java:[129,36] cannot find symbol
[ERROR]   symbol:   method getIsAdmin()
[ERROR]   location: variable inv of type com.fintech.finpro.entity.Investor
[ERROR] /G:/Earnmore/Finpro/backend/src/main/java/com/fintech/finpro/service/InvestorService.java:[129,56] cannot find symbol
[ERROR]   symbol:   method getInvestorCode()
[ERROR]   location: variable inv of type com.fintech.finpro.entity.Investor
[ERROR] /G:/Earnmore/Finpro/backend/src/main/java/com/fintech/finpro/service/InvestorService.java:[132,52] cannot find symbol
[ERROR]   symbol:   method getInvestorCode()
[ERROR]   location: variable inv of type com.fintech.finpro.entity.Investor
[ERROR] /G:/Earnmore/Finpro/backend/src/main/java/com/fintech/finpro/service/InvestorService.java:[157,43] cannot find symbol
[ERROR]   symbol:   method getTotalInvested()
[ERROR]   location: variable investor of type com.fintech.finpro.entity.Investor
[ERROR] /G:/Earnmore/Finpro/backend/src/main/java/com/fintech/finpro/service/InvestorService.java:[160,51] cannot find symbol
[ERROR]   symbol:   method getCapitalAccount()
[ERROR]   location: variable investor of type com.fintech.finpro.entity.Investor
[ERROR] /G:/Earnmore/Finpro/backend/src/main/java/com/fintech/finpro/service/SystemAccountService.java:[29,9] cannot find symbol
[ERROR]   symbol:   variable log
[ERROR]   location: class com.fintech.finpro.service.SystemAccountService
[ERROR] /G:/Earnmore/Finpro/backend/src/main/java/com/fintech/finpro/service/SystemAccountService.java:[33,54] cannot find symbol
[ERROR]   symbol:   method builder()
[ERROR]   location: class com.fintech.finpro.entity.SystemAccount
[ERROR] /G:/Earnmore/Finpro/backend/src/main/java/com/fintech/finpro/service/SystemAccountService.java:[41,13] cannot find symbol
[ERROR]   symbol:   variable log
[ERROR]   location: class com.fintech.finpro.service.SystemAccountService
[ERROR] /G:/Earnmore/Finpro/backend/src/main/java/com/fintech/finpro/service/SystemAccountService.java:[46,55] cannot find symbol
[ERROR]   symbol:   method builder()
[ERROR]   location: class com.fintech.finpro.entity.SystemAccount
[ERROR] /G:/Earnmore/Finpro/backend/src/main/java/com/fintech/finpro/service/SystemAccountService.java:[54,13] cannot find symbol
[ERROR]   symbol:   variable log
[ERROR]   location: class com.fintech.finpro.service.SystemAccountService
[ERROR] /G:/Earnmore/Finpro/backend/src/main/java/com/fintech/finpro/service/SystemAccountService.java:[59,59] cannot find symbol
[ERROR]   symbol:   method builder()
[ERROR]   location: class com.fintech.finpro.entity.SystemAccount
[ERROR] /G:/Earnmore/Finpro/backend/src/main/java/com/fintech/finpro/service/SystemAccountService.java:[67,13] cannot find symbol
[ERROR]   symbol:   variable log
[ERROR]   location: class com.fintech.finpro.service.SystemAccountService
[ERROR] /G:/Earnmore/Finpro/backend/src/main/java/com/fintech/finpro/service/SystemAccountService.java:[70,9] cannot find symbol
[ERROR]   symbol:   variable log
[ERROR]   location: class com.fintech.finpro.service.SystemAccountService
[ERROR] /G:/Earnmore/Finpro/backend/src/main/java/com/fintech/finpro/service/SystemAccountService.java:[82,53] cannot find symbol
[ERROR]   symbol:   method builder()
[ERROR]   location: class com.fintech.finpro.entity.SystemAccount
[ERROR] /G:/Earnmore/Finpro/backend/src/main/java/com/fintech/finpro/service/SystemAccountService.java:[92,9] cannot find symbol
[ERROR]   symbol:   variable log
[ERROR]   location: class com.fintech.finpro.service.SystemAccountService
[ERROR] /G:/Earnmore/Finpro/backend/src/main/java/com/fintech/finpro/service/SystemAccountService.java:[103,50] cannot find symbol
[ERROR]   symbol:   method getAccountNumber()
[ERROR]   location: class com.fintech.finpro.entity.SystemAccount
[ERROR] /G:/Earnmore/Finpro/backend/src/main/java/com/fintech/finpro/service/SystemAccountService.java:[167,16] cannot find symbol
[ERROR]   symbol:   method setBalance(java.math.BigDecimal)
[ERROR]   location: variable account of type com.fintech.finpro.entity.SystemAccount
[ERROR] /G:/Earnmore/Finpro/backend/src/main/java/com/fintech/finpro/service/SystemAccountService.java:[169,9] cannot find symbol
[ERROR]   symbol:   variable log
[ERROR]   location: class com.fintech.finpro.service.SystemAccountService
[ERROR] /G:/Earnmore/Finpro/backend/src/main/java/com/fintech/finpro/service/SystemAccountService.java:[169,65] cannot find symbol
[ERROR]   symbol:   method getAccountNumber()
[ERROR]   location: variable account of type com.fintech.finpro.entity.SystemAccount
[ERROR] /G:/Earnmore/Finpro/backend/src/main/java/com/fintech/finpro/service/SystemAccountService.java:[178,35] cannot find symbol
[ERROR]   symbol:   method getBalance()
[ERROR]   location: variable account of type com.fintech.finpro.entity.SystemAccount
[ERROR] /G:/Earnmore/Finpro/backend/src/main/java/com/fintech/finpro/service/SystemAccountService.java:[180,9] cannot find symbol
[ERROR]   symbol:   variable log
[ERROR]   location: class com.fintech.finpro.service.SystemAccountService
[ERROR] /G:/Earnmore/Finpro/backend/src/main/java/com/fintech/finpro/service/SystemAccountService.java:[180,76] cannot find symbol
[ERROR]   symbol:   method getAccountNumber()
[ERROR]   location: variable account of type com.fintech.finpro.entity.SystemAccount
[ERROR] /G:/Earnmore/Finpro/backend/src/main/java/com/fintech/finpro/service/SystemAccountService.java:[180,104] cannot find symbol
[ERROR]   symbol:   method getBalance()
[ERROR]   location: variable account of type com.fintech.finpro.entity.SystemAccount
[ERROR] /G:/Earnmore/Finpro/backend/src/main/java/com/fintech/finpro/service/SystemAccountService.java:[189,40] cannot find symbol
[ERROR]   symbol:   method getBalance()
[ERROR]   location: variable account of type com.fintech.finpro.entity.SystemAccount
[ERROR] /G:/Earnmore/Finpro/backend/src/main/java/com/fintech/finpro/service/SystemAccountService.java:[192,84] cannot find symbol
[ERROR]   symbol:   method getAccountNumber()
[ERROR]   location: variable account of type com.fintech.finpro.entity.SystemAccount
[ERROR] /G:/Earnmore/Finpro/backend/src/main/java/com/fintech/finpro/service/SystemAccountService.java:[195,16] cannot find symbol
[ERROR]   symbol:   method setBalance(java.math.BigDecimal)
[ERROR]   location: variable account of type com.fintech.finpro.entity.SystemAccount
[ERROR] /G:/Earnmore/Finpro/backend/src/main/java/com/fintech/finpro/service/SystemAccountService.java:[197,9] cannot find symbol
[ERROR]   symbol:   variable log
[ERROR]   location: class com.fintech.finpro.service.SystemAccountService
[ERROR] /G:/Earnmore/Finpro/backend/src/main/java/com/fintech/finpro/service/SystemAccountService.java:[197,83] cannot find symbol
[ERROR]   symbol:   method getAccountNumber()
[ERROR]   location: variable account of type com.fintech.finpro.entity.SystemAccount
[ERROR] /G:/Earnmore/Finpro/backend/src/main/java/com/fintech/finpro/service/SystemAccountService.java:[198,24] cannot find symbol
[ERROR]   symbol:   method getBalance()
[ERROR]   location: variable account of type com.fintech.finpro.entity.SystemAccount
[ERROR] /G:/Earnmore/Finpro/backend/src/main/java/com/fintech/finpro/service/SystemAccountService.java:[216,20] cannot find symbol
[ERROR]   symbol:   method getOwnerId()
[ERROR]   location: variable account of type com.fintech.finpro.entity.SystemAccount
[ERROR] /G:/Earnmore/Finpro/backend/src/main/java/com/fintech/finpro/service/SystemAccountService.java:[244,28] cannot find symbol
[ERROR]   symbol:   method getAccountCode()
[ERROR]   location: variable account of type com.fintech.finpro.entity.SystemAccount
[ERROR] /G:/Earnmore/Finpro/backend/src/main/java/com/fintech/finpro/service/SystemAccountService.java:[247,35] cannot find symbol
[ERROR]   symbol:   method getAccountCode()
[ERROR]   location: variable account of type com.fintech.finpro.entity.SystemAccount
[ERROR] /G:/Earnmore/Finpro/backend/src/main/java/com/fintech/finpro/service/SystemAccountService.java:[274,34] cannot find symbol
[ERROR]   symbol:   method getAmount()
[ERROR]   location: variable t of type com.fintech.finpro.entity.LedgerTransaction
[ERROR] /G:/Earnmore/Finpro/backend/src/main/java/com/fintech/finpro/service/SystemAccountService.java:[279,18] cannot find symbol
[ERROR]   symbol:   method getCreditAccount()
[ERROR]   location: variable t of type com.fintech.finpro.entity.LedgerTransaction
[ERROR] /G:/Earnmore/Finpro/backend/src/main/java/com/fintech/finpro/service/SystemAccountService.java:[281,25] cannot find symbol
[ERROR]   symbol:   method getDebitAccount()
[ERROR]   location: variable t of type com.fintech.finpro.entity.LedgerTransaction
[ERROR] /G:/Earnmore/Finpro/backend/src/main/java/com/fintech/finpro/service/SystemAccountService.java:[285,74] cannot find symbol
[ERROR]   symbol:   method builder()
[ERROR]   location: class com.fintech.finpro.dto.BankTransactionDTO
[ERROR] /G:/Earnmore/Finpro/backend/src/main/java/com/fintech/finpro/service/SystemAccountService.java:[288,28] cannot find symbol
[ERROR]   symbol:   method getTransactionType()
[ERROR]   location: variable t of type com.fintech.finpro.entity.LedgerTransaction
[ERROR] /G:/Earnmore/Finpro/backend/src/main/java/com/fintech/finpro/service/SystemAccountService.java:[289,30] cannot find symbol
[ERROR]   symbol:   method getAmount()
[ERROR]   location: variable t of type com.fintech.finpro.entity.LedgerTransaction
[ERROR] /G:/Earnmore/Finpro/backend/src/main/java/com/fintech/finpro/service/SystemAccountService.java:[291,35] cannot find symbol
[ERROR]   symbol:   method getParticulars()
[ERROR]   location: variable t of type com.fintech.finpro.entity.LedgerTransaction
[ERROR] /G:/Earnmore/Finpro/backend/src/main/java/com/fintech/finpro/service/SystemAccountService.java:[292,35] cannot find symbol
[ERROR]   symbol:   method getReferenceId()
[ERROR]   location: variable t of type com.fintech.finpro.entity.LedgerTransaction
[ERROR] /G:/Earnmore/Finpro/backend/src/main/java/com/fintech/finpro/service/SystemAccountService.java:[293,30] cannot find symbol
[ERROR]   symbol:   method getStatus()
[ERROR]   location: variable t of type com.fintech.finpro.entity.LedgerTransaction
[ERROR] /G:/Earnmore/Finpro/backend/src/main/java/com/fintech/finpro/service/SystemAccountService.java:[300,58] cannot find symbol
[ERROR]   symbol:   method builder()
[ERROR]   location: class com.fintech.finpro.dto.AccountStatementDTO
[ERROR] /G:/Earnmore/Finpro/backend/src/main/java/com/fintech/finpro/service/SystemAccountService.java:[302,39] cannot find symbol
[ERROR]   symbol:   method getAccountNumber()
[ERROR]   location: variable account of type com.fintech.finpro.entity.SystemAccount
[ERROR] /G:/Earnmore/Finpro/backend/src/main/java/com/fintech/finpro/service/SystemAccountService.java:[305,40] cannot find symbol
[ERROR]   symbol:   method getBalance()
[ERROR]   location: variable account of type com.fintech.finpro.entity.SystemAccount
[ERROR] /G:/Earnmore/Finpro/backend/src/main/java/com/fintech/finpro/service/LedgerService.java:[29,101] cannot find symbol
[ERROR]   symbol:   method builder()
[ERROR]   location: class com.fintech.finpro.entity.LedgerAccount
[ERROR] /G:/Earnmore/Finpro/backend/src/main/java/com/fintech/finpro/service/LedgerService.java:[57,45] cannot find symbol
[ERROR]   symbol:   method getBalance()
[ERROR]   location: variable debitAcc of type com.fintech.finpro.entity.LedgerAccount
[ERROR] /G:/Earnmore/Finpro/backend/src/main/java/com/fintech/finpro/service/LedgerService.java:[58,47] cannot find symbol
[ERROR]   symbol:   method getBalance()
[ERROR]   location: variable creditAcc of type com.fintech.finpro.entity.LedgerAccount
[ERROR] /G:/Earnmore/Finpro/backend/src/main/java/com/fintech/finpro/service/LedgerService.java:[64,66] cannot find symbol
[ERROR]   symbol:   method builder()
[ERROR]   location: class com.fintech.finpro.entity.LedgerTransaction
[ERROR] /G:/Earnmore/Finpro/backend/src/main/java/com/fintech/finpro/service/LedgerService.java:[77,28] cannot find symbol
[ERROR]   symbol:   method setReferenceId(java.lang.String)
[ERROR]   location: variable transaction of type com.fintech.finpro.entity.LedgerTransaction
[ERROR] /G:/Earnmore/Finpro/backend/src/main/java/com/fintech/finpro/service/LedgerService.java:[121,94] cannot find symbol
[ERROR]   symbol:   method builder()
[ERROR]   location: class com.fintech.finpro.entity.LedgerAccount
[ERROR] /G:/Earnmore/Finpro/backend/src/main/java/com/fintech/finpro/service/LedgerService.java:[136,51] cannot find symbol
[ERROR]   symbol:   method getAccountType()
[ERROR]   location: variable acc of type com.fintech.finpro.entity.LedgerAccount
[ERROR] /G:/Earnmore/Finpro/backend/src/main/java/com/fintech/finpro/service/LedgerService.java:[137,55] cannot find symbol
[ERROR]   symbol:   method getAccountType()
[ERROR]   location: variable acc of type com.fintech.finpro.entity.LedgerAccount
[ERROR] /G:/Earnmore/Finpro/backend/src/main/java/com/fintech/finpro/service/LedgerService.java:[154,93] cannot find symbol
[ERROR]   symbol:   method builder()
[ERROR]   location: class com.fintech.finpro.entity.LedgerAccount
[ERROR] /G:/Earnmore/Finpro/backend/src/main/java/com/fintech/finpro/service/LedgerService.java:[177,46] cannot find symbol
[ERROR]   symbol:   method getOwnerId()
[ERROR]   location: variable targetAccount of type com.fintech.finpro.entity.SystemAccount
[ERROR] /G:/Earnmore/Finpro/backend/src/main/java/com/fintech/finpro/service/LedgerService.java:[205,46] cannot find symbol
[ERROR]   symbol:   method getOwnerId()
[ERROR]   location: variable targetAccount of type com.fintech.finpro.entity.SystemAccount
[ERROR] /G:/Earnmore/Finpro/backend/src/main/java/com/fintech/finpro/service/LedgerService.java:[238,86] cannot find symbol
[ERROR]   symbol:   method builder()
[ERROR]   location: class com.fintech.finpro.dto.BankTransactionDTO
[ERROR] /G:/Earnmore/Finpro/backend/src/main/java/com/fintech/finpro/service/LedgerService.java:[241,48] cannot find symbol
[ERROR]   symbol:   method getTransactionType()
[ERROR]   location: variable t of type com.fintech.finpro.entity.LedgerTransaction
[ERROR] /G:/Earnmore/Finpro/backend/src/main/java/com/fintech/finpro/service/LedgerService.java:[241,81] cannot find symbol
[ERROR]   symbol:   method getTransactionType()
[ERROR]   location: variable t of type com.fintech.finpro.entity.LedgerTransaction
[ERROR] /G:/Earnmore/Finpro/backend/src/main/java/com/fintech/finpro/service/LedgerService.java:[243,50] cannot find symbol
[ERROR]   symbol:   method getAmount()
[ERROR]   location: variable t of type com.fintech.finpro.entity.LedgerTransaction
[ERROR] /G:/Earnmore/Finpro/backend/src/main/java/com/fintech/finpro/service/LedgerService.java:[244,55] cannot find symbol
[ERROR]   symbol:   method getParticulars()
[ERROR]   location: variable t of type com.fintech.finpro.entity.LedgerTransaction
[ERROR] /G:/Earnmore/Finpro/backend/src/main/java/com/fintech/finpro/service/LedgerService.java:[245,55] cannot find symbol
[ERROR]   symbol:   method getReferenceId()
[ERROR]   location: variable t of type com.fintech.finpro.entity.LedgerTransaction
[ERROR] /G:/Earnmore/Finpro/backend/src/main/java/com/fintech/finpro/service/LedgerService.java:[246,50] cannot find symbol
[ERROR]   symbol:   method getStatus()
[ERROR]   location: variable t of type com.fintech.finpro.entity.LedgerTransaction
[ERROR] /G:/Earnmore/Finpro/backend/src/main/java/com/fintech/finpro/service/LedgerService.java:[250,66] cannot find symbol
[ERROR]   symbol:   method builder()
[ERROR]   location: class com.fintech.finpro.dto.AccountStatementDTO
[ERROR] /G:/Earnmore/Finpro/backend/src/main/java/com/fintech/finpro/service/LedgerService.java:[256,56] cannot find symbol
[ERROR]   symbol:   method getBalance()
[ERROR]   location: variable account of type com.fintech.finpro.entity.LedgerAccount
[ERROR] /G:/Earnmore/Finpro/backend/src/main/java/com/fintech/finpro/service/CustomerService.java:[41,37] cannot find symbol
[ERROR]   symbol:   method builder()
[ERROR]   location: class com.fintech.finpro.entity.Customer
[ERROR] /G:/Earnmore/Finpro/backend/src/main/java/com/fintech/finpro/service/CustomerService.java:[42,31] cannot find symbol
[ERROR]   symbol:   method getFirstName()
[ERROR]   location: variable dto of type com.fintech.finpro.dto.CustomerCreateDTO
[ERROR] /G:/Earnmore/Finpro/backend/src/main/java/com/fintech/finpro/service/CustomerService.java:[43,30] cannot find symbol
[ERROR]   symbol:   method getLastName()
[ERROR]   location: variable dto of type com.fintech.finpro.dto.CustomerCreateDTO
[ERROR] /G:/Earnmore/Finpro/backend/src/main/java/com/fintech/finpro/service/CustomerService.java:[44,27] cannot find symbol
[ERROR]   symbol:   method getEmail()
[ERROR]   location: variable dto of type com.fintech.finpro.dto.CustomerCreateDTO
[ERROR] /G:/Earnmore/Finpro/backend/src/main/java/com/fintech/finpro/service/CustomerService.java:[45,27] cannot find symbol
[ERROR]   symbol:   method getPhone()
[ERROR]   location: variable dto of type com.fintech.finpro.dto.CustomerCreateDTO
[ERROR] /G:/Earnmore/Finpro/backend/src/main/java/com/fintech/finpro/service/CustomerService.java:[46,28] cannot find symbol
[ERROR]   symbol:   method getGender()
[ERROR]   location: variable dto of type com.fintech.finpro.dto.CustomerCreateDTO
[ERROR] /G:/Earnmore/Finpro/backend/src/main/java/com/fintech/finpro/service/CustomerService.java:[47,33] cannot find symbol
[ERROR]   symbol:   method getDateOfBirth()
[ERROR]   location: variable dto of type com.fintech.finpro.dto.CustomerCreateDTO
[ERROR] /G:/Earnmore/Finpro/backend/src/main/java/com/fintech/finpro/service/CustomerService.java:[48,35] cannot find symbol
[ERROR]   symbol:   method getContactNumber()
[ERROR]   location: variable dto of type com.fintech.finpro.dto.CustomerCreateDTO
[ERROR] /G:/Earnmore/Finpro/backend/src/main/java/com/fintech/finpro/service/CustomerService.java:[49,39] cannot find symbol
[ERROR]   symbol:   method getBankAccountNumber()
[ERROR]   location: variable dto of type com.fintech.finpro.dto.CustomerCreateDTO
[ERROR] /G:/Earnmore/Finpro/backend/src/main/java/com/fintech/finpro/service/CustomerService.java:[50,29] cannot find symbol
[ERROR]   symbol:   method getAddress()
[ERROR]   location: variable dto of type com.fintech.finpro.dto.CustomerCreateDTO
[ERROR] /G:/Earnmore/Finpro/backend/src/main/java/com/fintech/finpro/service/CustomerService.java:[51,39] cannot find symbol
[ERROR]   symbol:   method getCitizenshipNumber()
[ERROR]   location: variable dto of type com.fintech.finpro.dto.CustomerCreateDTO
[ERROR] /G:/Earnmore/Finpro/backend/src/main/java/com/fintech/finpro/service/CustomerService.java:[52,31] cannot find symbol
[ERROR]   symbol:   method getNidNumber()
[ERROR]   location: variable dto of type com.fintech.finpro.dto.CustomerCreateDTO
[ERROR] /G:/Earnmore/Finpro/backend/src/main/java/com/fintech/finpro/service/CustomerService.java:[54,31] cannot find symbol
[ERROR]   symbol:   method getPhotoPath()
[ERROR]   location: variable dto of type com.fintech.finpro.dto.CustomerCreateDTO
[ERROR] /G:/Earnmore/Finpro/backend/src/main/java/com/fintech/finpro/service/CustomerService.java:[55,35] cannot find symbol
[ERROR]   symbol:   method getSignaturePath()
[ERROR]   location: variable dto of type com.fintech.finpro.dto.CustomerCreateDTO
[ERROR] /G:/Earnmore/Finpro/backend/src/main/java/com/fintech/finpro/service/CustomerService.java:[56,39] cannot find symbol
[ERROR]   symbol:   method getGuardianPhotoPath()
[ERROR]   location: variable dto of type com.fintech.finpro.dto.CustomerCreateDTO
[ERROR] /G:/Earnmore/Finpro/backend/src/main/java/com/fintech/finpro/service/CustomerService.java:[57,43] cannot find symbol
[ERROR]   symbol:   method getGuardianSignaturePath()
[ERROR]   location: variable dto of type com.fintech.finpro.dto.CustomerCreateDTO
[ERROR] /G:/Earnmore/Finpro/backend/src/main/java/com/fintech/finpro/service/CustomerService.java:[63,70] cannot find symbol
[ERROR]   symbol:   method setCreatedByUserId(java.lang.Long)
[ERROR]   location: variable customer of type com.fintech.finpro.entity.Customer
[ERROR] /G:/Earnmore/Finpro/backend/src/main/java/com/fintech/finpro/service/CustomerService.java:[68,21] cannot find symbol
[ERROR]   symbol:   method setKycStatus(java.lang.String)
[ERROR]   location: variable customer of type com.fintech.finpro.entity.Customer
[ERROR] /G:/Earnmore/Finpro/backend/src/main/java/com/fintech/finpro/service/CustomerService.java:[70,21] cannot find symbol
[ERROR]   symbol:   method setKycStatus(java.lang.String)
[ERROR]   location: variable customer of type com.fintech.finpro.entity.Customer
[ERROR] -> [Help 1]
[ERROR] 
[ERROR] To see the full stack trace of the errors, re-run Maven with the -e switch.
[ERROR] Re-run Maven using the -X switch to enable full debug logging.
[ERROR] 
[ERROR] For more information about the errors and possible solutions, please read the following articles:
[ERROR] [Help 1] http://cwiki.apache.org/confluence/display/MAVEN/MojoFailureException
