
  build_output.txt:24:  Use -proc:none to disable annotation processing.
  build_output.txt:25:[INFO] 
-------------------------------------------------------------
> build_output.txt:26:[ERROR] COMPILATION ERROR : 
  build_output.txt:27:[INFO] 
-------------------------------------------------------------
> build_output.txt:28:[ERROR] /G:/Earnmore/Finpro/backend/src/main/java/com/f
intech/finpro/service/IPOApplicationService.java:[263,77] variable 
customerPortfolioRepository is already defined in class 
com.fintech.finpro.service.IPOApplicationService
> build_output.txt:29:[ERROR] /G:/Earnmore/Finpro/backend/src/main/java/com/f
intech/finpro/entity/Investor.java:[62,65] cannot find symbol
  build_output.txt:30:  symbol:   method getBalance()
  build_output.txt:31:  location: variable capitalAccount of type 
com.fintech.finpro.entity.SystemAccount
> build_output.txt:32:[ERROR] /G:/Earnmore/Finpro/backend/src/main/java/com/f
intech/finpro/service/InvestorService.java:[35,49] cannot find symbol
  build_output.txt:33:  symbol:   method getEmail()
  build_output.txt:34:  location: variable request of type 
com.fintech.finpro.dto.CreateInvestorRequest
> build_output.txt:35:[ERROR] /G:/Earnmore/Finpro/backend/src/main/java/com/f
intech/finpro/service/InvestorService.java:[36,74] cannot find symbol
  build_output.txt:36:  symbol:   method getEmail()
  build_output.txt:37:  location: variable request of type 
com.fintech.finpro.dto.CreateInvestorRequest
> build_output.txt:38:[ERROR] /G:/Earnmore/Finpro/backend/src/main/java/com/f
intech/finpro/service/InvestorService.java:[41,25] cannot find symbol
  build_output.txt:39:  symbol:   method builder()
  build_output.txt:40:  location: class com.fintech.finpro.entity.User
> build_output.txt:41:[ERROR] /G:/Earnmore/Finpro/backend/src/main/java/com/f
intech/finpro/service/InvestorService.java:[42,31] cannot find symbol
  build_output.txt:42:  symbol:   method getEmail()
  build_output.txt:43:  location: variable request of type 
com.fintech.finpro.dto.CreateInvestorRequest
> build_output.txt:44:[ERROR] /G:/Earnmore/Finpro/backend/src/main/java/com/f
intech/finpro/service/InvestorService.java:[43,30] cannot find symbol
  build_output.txt:45:  symbol:   method getName()
  build_output.txt:46:  location: variable request of type 
com.fintech.finpro.dto.CreateInvestorRequest
> build_output.txt:47:[ERROR] /G:/Earnmore/Finpro/backend/src/main/java/com/f
intech/finpro/service/InvestorService.java:[46,38] cannot find symbol
  build_output.txt:48:  symbol:   method getTenantId()
  build_output.txt:49:  location: variable currentUser of type 
com.fintech.finpro.entity.User
> build_output.txt:50:[ERROR] /G:/Earnmore/Finpro/backend/src/main/java/com/f
intech/finpro/service/InvestorService.java:[51,31] cannot find symbol
  build_output.txt:51:  symbol:   method getPhone()
  build_output.txt:52:  location: variable request of type 
com.fintech.finpro.dto.CreateInvestorRequest
> build_output.txt:53:[ERROR] /G:/Earnmore/Finpro/backend/src/main/java/com/f
intech/finpro/service/InvestorService.java:[57,57] cannot find symbol
  build_output.txt:54:  symbol:   method getInitialInvestment()
  build_output.txt:55:  location: variable request of type 
com.fintech.finpro.dto.CreateInvestorRequest
> build_output.txt:56:[ERROR] /G:/Earnmore/Finpro/backend/src/main/java/com/f
intech/finpro/service/InvestorService.java:[58,24] cannot find symbol
  build_output.txt:57:  symbol:   method getNickname()
  build_output.txt:58:  location: variable request of type 
com.fintech.finpro.dto.CreateInvestorRequest
> build_output.txt:59:[ERROR] /G:/Earnmore/Finpro/backend/src/main/java/com/f
intech/finpro/service/InvestorService.java:[58,56] cannot find symbol
  build_output.txt:60:  symbol:   method getNickname()
  build_output.txt:61:  location: variable request of type 
com.fintech.finpro.dto.CreateInvestorRequest
> build_output.txt:62:[ERROR] /G:/Earnmore/Finpro/backend/src/main/java/com/f
intech/finpro/service/InvestorService.java:[58,80] cannot find symbol
  build_output.txt:63:  symbol:   method getName()
  build_output.txt:64:  location: variable request of type 
com.fintech.finpro.dto.CreateInvestorRequest
> build_output.txt:65:[ERROR] /G:/Earnmore/Finpro/backend/src/main/java/com/f
intech/finpro/service/InvestorService.java:[72,51] cannot find symbol
  build_output.txt:66:  symbol:   method getName()
  build_output.txt:67:  location: variable user of type 
com.fintech.finpro.entity.User
> build_output.txt:68:[ERROR] /G:/Earnmore/Finpro/backend/src/main/java/com/f
intech/finpro/service/InvestorService.java:[81,37] cannot find symbol
  build_output.txt:69:  symbol:   method builder()
  build_output.txt:70:  location: class com.fintech.finpro.entity.Investor
> build_output.txt:71:[ERROR] /G:/Earnmore/Finpro/backend/src/main/java/com/f
intech/finpro/service/InvestorService.java:[84,61] cannot find symbol
  build_output.txt:72:  symbol:   method getName()
  build_output.txt:73:  location: variable user of type 
com.fintech.finpro.entity.User
> build_output.txt:74:[ERROR] /G:/Earnmore/Finpro/backend/src/main/java/com/f
intech/finpro/service/InvestorService.java:[107,42] cannot find symbol
  build_output.txt:75:  symbol:   method builder()
  build_output.txt:76:  location: class com.fintech.finpro.entity.Investor
> build_output.txt:77:[ERROR] /G:/Earnmore/Finpro/backend/src/main/java/com/f
intech/finpro/service/InvestorService.java:[129,36] cannot find symbol
  build_output.txt:78:  symbol:   method getIsAdmin()
  build_output.txt:79:  location: variable inv of type 
com.fintech.finpro.entity.Investor
> build_output.txt:80:[ERROR] /G:/Earnmore/Finpro/backend/src/main/java/com/f
intech/finpro/service/InvestorService.java:[129,56] cannot find symbol
  build_output.txt:81:  symbol:   method getInvestorCode()
  build_output.txt:82:  location: variable inv of type 
com.fintech.finpro.entity.Investor
> build_output.txt:83:[ERROR] /G:/Earnmore/Finpro/backend/src/main/java/com/f
intech/finpro/service/InvestorService.java:[132,52] cannot find symbol
  build_output.txt:84:  symbol:   method getInvestorCode()
  build_output.txt:85:  location: variable inv of type 
com.fintech.finpro.entity.Investor
> build_output.txt:86:[ERROR] /G:/Earnmore/Finpro/backend/src/main/java/com/f
intech/finpro/service/InvestorService.java:[157,43] cannot find symbol
  build_output.txt:87:  symbol:   method getTotalInvested()
  build_output.txt:88:  location: variable investor of type 
com.fintech.finpro.entity.Investor
> build_output.txt:89:[ERROR] /G:/Earnmore/Finpro/backend/src/main/java/com/f
intech/finpro/service/InvestorService.java:[160,51] cannot find symbol
  build_output.txt:90:  symbol:   method getCapitalAccount()
  build_output.txt:91:  location: variable investor of type 
com.fintech.finpro.entity.Investor
> build_output.txt:92:[ERROR] /G:/Earnmore/Finpro/backend/src/main/java/com/f
intech/finpro/service/SystemAccountService.java:[29,9] cannot find symbol
  build_output.txt:93:  symbol:   variable log
  build_output.txt:94:  location: class 
com.fintech.finpro.service.SystemAccountService
> build_output.txt:95:[ERROR] /G:/Earnmore/Finpro/backend/src/main/java/com/f
intech/finpro/service/SystemAccountService.java:[33,54] cannot find symbol
  build_output.txt:96:  symbol:   method builder()
  build_output.txt:97:  location: class 
com.fintech.finpro.entity.SystemAccount
> build_output.txt:98:[ERROR] /G:/Earnmore/Finpro/backend/src/main/java/com/f
intech/finpro/service/SystemAccountService.java:[41,13] cannot find symbol
  build_output.txt:99:  symbol:   variable log
  build_output.txt:100:  location: class 
com.fintech.finpro.service.SystemAccountService
> build_output.txt:101:[ERROR] /G:/Earnmore/Finpro/backend/src/main/java/com/
fintech/finpro/service/SystemAccountService.java:[46,55] cannot find symbol
  build_output.txt:102:  symbol:   method builder()
  build_output.txt:103:  location: class 
com.fintech.finpro.entity.SystemAccount
> build_output.txt:104:[ERROR] /G:/Earnmore/Finpro/backend/src/main/java/com/
fintech/finpro/service/SystemAccountService.java:[54,13] cannot find symbol
  build_output.txt:105:  symbol:   variable log
  build_output.txt:106:  location: class 
com.fintech.finpro.service.SystemAccountService
> build_output.txt:107:[ERROR] /G:/Earnmore/Finpro/backend/src/main/java/com/
fintech/finpro/service/SystemAccountService.java:[59,59] cannot find symbol
  build_output.txt:108:  symbol:   method builder()
  build_output.txt:109:  location: class 
com.fintech.finpro.entity.SystemAccount
> build_output.txt:110:[ERROR] /G:/Earnmore/Finpro/backend/src/main/java/com/
fintech/finpro/service/SystemAccountService.java:[67,13] cannot find symbol
  build_output.txt:111:  symbol:   variable log
  build_output.txt:112:  location: class 
com.fintech.finpro.service.SystemAccountService
> build_output.txt:113:[ERROR] /G:/Earnmore/Finpro/backend/src/main/java/com/
fintech/finpro/service/SystemAccountService.java:[70,9] cannot find symbol
  build_output.txt:114:  symbol:   variable log
  build_output.txt:115:  location: class 
com.fintech.finpro.service.SystemAccountService
> build_output.txt:116:[ERROR] /G:/Earnmore/Finpro/backend/src/main/java/com/
fintech/finpro/service/SystemAccountService.java:[82,53] cannot find symbol
  build_output.txt:117:  symbol:   method builder()
  build_output.txt:118:  location: class 
com.fintech.finpro.entity.SystemAccount
> build_output.txt:119:[ERROR] /G:/Earnmore/Finpro/backend/src/main/java/com/
fintech/finpro/service/SystemAccountService.java:[92,9] cannot find symbol
  build_output.txt:120:  symbol:   variable log
  build_output.txt:121:  location: class 
com.fintech.finpro.service.SystemAccountService
> build_output.txt:122:[ERROR] /G:/Earnmore/Finpro/backend/src/main/java/com/
fintech/finpro/service/SystemAccountService.java:[103,50] cannot find symbol
  build_output.txt:123:  symbol:   method getAccountNumber()
  build_output.txt:124:  location: class 
com.fintech.finpro.entity.SystemAccount
> build_output.txt:125:[ERROR] /G:/Earnmore/Finpro/backend/src/main/java/com/
fintech/finpro/service/SystemAccountService.java:[167,16] cannot find symbol
  build_output.txt:126:  symbol:   method setBalance(java.math.BigDecimal)
  build_output.txt:127:  location: variable account of type 
com.fintech.finpro.entity.SystemAccount
> build_output.txt:128:[ERROR] /G:/Earnmore/Finpro/backend/src/main/java/com/
fintech/finpro/service/SystemAccountService.java:[169,9] cannot find symbol
  build_output.txt:129:  symbol:   variable log
  build_output.txt:130:  location: class 
com.fintech.finpro.service.SystemAccountService
> build_output.txt:131:[ERROR] /G:/Earnmore/Finpro/backend/src/main/java/com/
fintech/finpro/service/SystemAccountService.java:[169,65] cannot find symbol
  build_output.txt:132:  symbol:   method getAccountNumber()
  build_output.txt:133:  location: variable account of type 
com.fintech.finpro.entity.SystemAccount
> build_output.txt:134:[ERROR] /G:/Earnmore/Finpro/backend/src/main/java/com/
fintech/finpro/service/SystemAccountService.java:[178,35] cannot find symbol
  build_output.txt:135:  symbol:   method getBalance()
  build_output.txt:136:  location: variable account of type 
com.fintech.finpro.entity.SystemAccount
> build_output.txt:137:[ERROR] /G:/Earnmore/Finpro/backend/src/main/java/com/
fintech/finpro/service/SystemAccountService.java:[180,9] cannot find symbol
  build_output.txt:138:  symbol:   variable log
  build_output.txt:139:  location: class 
com.fintech.finpro.service.SystemAccountService
> build_output.txt:140:[ERROR] /G:/Earnmore/Finpro/backend/src/main/java/com/
fintech/finpro/service/SystemAccountService.java:[180,76] cannot find symbol
  build_output.txt:141:  symbol:   method getAccountNumber()
  build_output.txt:142:  location: variable account of type 
com.fintech.finpro.entity.SystemAccount
> build_output.txt:143:[ERROR] /G:/Earnmore/Finpro/backend/src/main/java/com/
fintech/finpro/service/SystemAccountService.java:[180,104] cannot find symbol
  build_output.txt:144:  symbol:   method getBalance()
  build_output.txt:145:  location: variable account of type 
com.fintech.finpro.entity.SystemAccount
> build_output.txt:146:[ERROR] /G:/Earnmore/Finpro/backend/src/main/java/com/
fintech/finpro/service/SystemAccountService.java:[189,40] cannot find symbol
  build_output.txt:147:  symbol:   method getBalance()
  build_output.txt:148:  location: variable account of type 
com.fintech.finpro.entity.SystemAccount
> build_output.txt:149:[ERROR] /G:/Earnmore/Finpro/backend/src/main/java/com/
fintech/finpro/service/SystemAccountService.java:[192,84] cannot find symbol
  build_output.txt:150:  symbol:   method getAccountNumber()
  build_output.txt:151:  location: variable account of type 
com.fintech.finpro.entity.SystemAccount
> build_output.txt:152:[ERROR] /G:/Earnmore/Finpro/backend/src/main/java/com/
fintech/finpro/service/SystemAccountService.java:[195,16] cannot find symbol
  build_output.txt:153:  symbol:   method setBalance(java.math.BigDecimal)
  build_output.txt:154:  location: variable account of type 
com.fintech.finpro.entity.SystemAccount
> build_output.txt:155:[ERROR] /G:/Earnmore/Finpro/backend/src/main/java/com/
fintech/finpro/service/SystemAccountService.java:[197,9] cannot find symbol
  build_output.txt:156:  symbol:   variable log
  build_output.txt:157:  location: class 
com.fintech.finpro.service.SystemAccountService
> build_output.txt:158:[ERROR] /G:/Earnmore/Finpro/backend/src/main/java/com/
fintech/finpro/service/SystemAccountService.java:[197,83] cannot find symbol
  build_output.txt:159:  symbol:   method getAccountNumber()
  build_output.txt:160:  location: variable account of type 
com.fintech.finpro.entity.SystemAccount
> build_output.txt:161:[ERROR] /G:/Earnmore/Finpro/backend/src/main/java/com/
fintech/finpro/service/SystemAccountService.java:[198,24] cannot find symbol
  build_output.txt:162:  symbol:   method getBalance()
  build_output.txt:163:  location: variable account of type 
com.fintech.finpro.entity.SystemAccount
> build_output.txt:164:[ERROR] /G:/Earnmore/Finpro/backend/src/main/java/com/
fintech/finpro/service/SystemAccountService.java:[216,20] cannot find symbol
  build_output.txt:165:  symbol:   method getOwnerId()
  build_output.txt:166:  location: variable account of type 
com.fintech.finpro.entity.SystemAccount
> build_output.txt:167:[ERROR] /G:/Earnmore/Finpro/backend/src/main/java/com/
fintech/finpro/service/SystemAccountService.java:[244,28] cannot find symbol
  build_output.txt:168:  symbol:   method getAccountCode()
  build_output.txt:169:  location: variable account of type 
com.fintech.finpro.entity.SystemAccount
> build_output.txt:170:[ERROR] /G:/Earnmore/Finpro/backend/src/main/java/com/
fintech/finpro/service/SystemAccountService.java:[247,35] cannot find symbol
  build_output.txt:171:  symbol:   method getAccountCode()
  build_output.txt:172:  location: variable account of type 
com.fintech.finpro.entity.SystemAccount
> build_output.txt:173:[ERROR] /G:/Earnmore/Finpro/backend/src/main/java/com/
fintech/finpro/service/SystemAccountService.java:[274,34] cannot find symbol
  build_output.txt:174:  symbol:   method getAmount()
  build_output.txt:175:  location: variable t of type 
com.fintech.finpro.entity.LedgerTransaction
> build_output.txt:176:[ERROR] /G:/Earnmore/Finpro/backend/src/main/java/com/
fintech/finpro/service/SystemAccountService.java:[279,18] cannot find symbol
  build_output.txt:177:  symbol:   method getCreditAccount()
  build_output.txt:178:  location: variable t of type 
com.fintech.finpro.entity.LedgerTransaction
> build_output.txt:179:[ERROR] /G:/Earnmore/Finpro/backend/src/main/java/com/
fintech/finpro/service/SystemAccountService.java:[281,25] cannot find symbol
  build_output.txt:180:  symbol:   method getDebitAccount()
  build_output.txt:181:  location: variable t of type 
com.fintech.finpro.entity.LedgerTransaction
> build_output.txt:182:[ERROR] /G:/Earnmore/Finpro/backend/src/main/java/com/
fintech/finpro/service/SystemAccountService.java:[285,74] cannot find symbol
  build_output.txt:183:  symbol:   method builder()
  build_output.txt:184:  location: class 
com.fintech.finpro.dto.BankTransactionDTO
> build_output.txt:185:[ERROR] /G:/Earnmore/Finpro/backend/src/main/java/com/
fintech/finpro/service/SystemAccountService.java:[288,28] cannot find symbol
  build_output.txt:186:  symbol:   method getTransactionType()
  build_output.txt:187:  location: variable t of type 
com.fintech.finpro.entity.LedgerTransaction
> build_output.txt:188:[ERROR] /G:/Earnmore/Finpro/backend/src/main/java/com/
fintech/finpro/service/SystemAccountService.java:[289,30] cannot find symbol
  build_output.txt:189:  symbol:   method getAmount()
  build_output.txt:190:  location: variable t of type 
com.fintech.finpro.entity.LedgerTransaction
> build_output.txt:191:[ERROR] /G:/Earnmore/Finpro/backend/src/main/java/com/
fintech/finpro/service/SystemAccountService.java:[291,35] cannot find symbol
  build_output.txt:192:  symbol:   method getParticulars()
  build_output.txt:193:  location: variable t of type 
com.fintech.finpro.entity.LedgerTransaction
> build_output.txt:194:[ERROR] /G:/Earnmore/Finpro/backend/src/main/java/com/
fintech/finpro/service/SystemAccountService.java:[292,35] cannot find symbol
  build_output.txt:195:  symbol:   method getReferenceId()
  build_output.txt:196:  location: variable t of type 
com.fintech.finpro.entity.LedgerTransaction
> build_output.txt:197:[ERROR] /G:/Earnmore/Finpro/backend/src/main/java/com/
fintech/finpro/service/SystemAccountService.java:[293,30] cannot find symbol
  build_output.txt:198:  symbol:   method getStatus()
  build_output.txt:199:  location: variable t of type 
com.fintech.finpro.entity.LedgerTransaction
> build_output.txt:200:[ERROR] /G:/Earnmore/Finpro/backend/src/main/java/com/
fintech/finpro/service/SystemAccountService.java:[300,58] cannot find symbol
  build_output.txt:201:  symbol:   method builder()
  build_output.txt:202:  location: class 
com.fintech.finpro.dto.AccountStatementDTO
> build_output.txt:203:[ERROR] /G:/Earnmore/Finpro/backend/src/main/java/com/
fintech/finpro/service/SystemAccountService.java:[302,39] cannot find symbol
  build_output.txt:204:  symbol:   method getAccountNumber()
  build_output.txt:205:  location: variable account of type 
com.fintech.finpro.entity.SystemAccount
> build_output.txt:206:[ERROR] /G:/Earnmore/Finpro/backend/src/main/java/com/
fintech/finpro/service/SystemAccountService.java:[305,40] cannot find symbol
  build_output.txt:207:  symbol:   method getBalance()
  build_output.txt:208:  location: variable account of type 
com.fintech.finpro.entity.SystemAccount
> build_output.txt:209:[ERROR] /G:/Earnmore/Finpro/backend/src/main/java/com/
fintech/finpro/service/LedgerService.java:[29,101] cannot find symbol
  build_output.txt:210:  symbol:   method builder()
  build_output.txt:211:  location: class 
com.fintech.finpro.entity.LedgerAccount
> build_output.txt:212:[ERROR] /G:/Earnmore/Finpro/backend/src/main/java/com/
fintech/finpro/service/LedgerService.java:[57,45] cannot find symbol
  build_output.txt:213:  symbol:   method getBalance()
  build_output.txt:214:  location: variable debitAcc of type 
com.fintech.finpro.entity.LedgerAccount
> build_output.txt:215:[ERROR] /G:/Earnmore/Finpro/backend/src/main/java/com/
fintech/finpro/service/LedgerService.java:[58,47] cannot find symbol
  build_output.txt:216:  symbol:   method getBalance()
  build_output.txt:217:  location: variable creditAcc of type 
com.fintech.finpro.entity.LedgerAccount
> build_output.txt:218:[ERROR] /G:/Earnmore/Finpro/backend/src/main/java/com/
fintech/finpro/service/LedgerService.java:[64,66] cannot find symbol
  build_output.txt:219:  symbol:   method builder()
  build_output.txt:220:  location: class 
com.fintech.finpro.entity.LedgerTransaction
> build_output.txt:221:[ERROR] /G:/Earnmore/Finpro/backend/src/main/java/com/
fintech/finpro/service/LedgerService.java:[77,28] cannot find symbol
  build_output.txt:222:  symbol:   method setReferenceId(java.lang.String)
  build_output.txt:223:  location: variable transaction of type 
com.fintech.finpro.entity.LedgerTransaction
> build_output.txt:224:[ERROR] /G:/Earnmore/Finpro/backend/src/main/java/com/
fintech/finpro/service/LedgerService.java:[121,94] cannot find symbol
  build_output.txt:225:  symbol:   method builder()
  build_output.txt:226:  location: class 
com.fintech.finpro.entity.LedgerAccount
> build_output.txt:227:[ERROR] /G:/Earnmore/Finpro/backend/src/main/java/com/
fintech/finpro/service/LedgerService.java:[136,51] cannot find symbol
  build_output.txt:228:  symbol:   method getAccountType()
  build_output.txt:229:  location: variable acc of type 
com.fintech.finpro.entity.LedgerAccount
> build_output.txt:230:[ERROR] /G:/Earnmore/Finpro/backend/src/main/java/com/
fintech/finpro/service/LedgerService.java:[137,55] cannot find symbol
  build_output.txt:231:  symbol:   method getAccountType()
  build_output.txt:232:  location: variable acc of type 
com.fintech.finpro.entity.LedgerAccount
> build_output.txt:233:[ERROR] /G:/Earnmore/Finpro/backend/src/main/java/com/
fintech/finpro/service/LedgerService.java:[154,93] cannot find symbol
  build_output.txt:234:  symbol:   method builder()
  build_output.txt:235:  location: class 
com.fintech.finpro.entity.LedgerAccount
> build_output.txt:236:[ERROR] /G:/Earnmore/Finpro/backend/src/main/java/com/
fintech/finpro/service/LedgerService.java:[177,46] cannot find symbol
  build_output.txt:237:  symbol:   method getOwnerId()
  build_output.txt:238:  location: variable targetAccount of type 
com.fintech.finpro.entity.SystemAccount
> build_output.txt:239:[ERROR] /G:/Earnmore/Finpro/backend/src/main/java/com/
fintech/finpro/service/LedgerService.java:[205,46] cannot find symbol
  build_output.txt:240:  symbol:   method getOwnerId()
  build_output.txt:241:  location: variable targetAccount of type 
com.fintech.finpro.entity.SystemAccount
> build_output.txt:242:[ERROR] /G:/Earnmore/Finpro/backend/src/main/java/com/
fintech/finpro/service/LedgerService.java:[238,86] cannot find symbol
  build_output.txt:243:  symbol:   method builder()
  build_output.txt:244:  location: class 
com.fintech.finpro.dto.BankTransactionDTO
> build_output.txt:245:[ERROR] /G:/Earnmore/Finpro/backend/src/main/java/com/
fintech/finpro/service/LedgerService.java:[241,48] cannot find symbol
  build_output.txt:246:  symbol:   method getTransactionType()
  build_output.txt:247:  location: variable t of type 
com.fintech.finpro.entity.LedgerTransaction
> build_output.txt:248:[ERROR] /G:/Earnmore/Finpro/backend/src/main/java/com/
fintech/finpro/service/LedgerService.java:[241,81] cannot find symbol
  build_output.txt:249:  symbol:   method getTransactionType()
  build_output.txt:250:  location: variable t of type 
com.fintech.finpro.entity.LedgerTransaction
> build_output.txt:251:[ERROR] /G:/Earnmore/Finpro/backend/src/main/java/com/
fintech/finpro/service/LedgerService.java:[243,50] cannot find symbol
  build_output.txt:252:  symbol:   method getAmount()
  build_output.txt:253:  location: variable t of type 
com.fintech.finpro.entity.LedgerTransaction
> build_output.txt:254:[ERROR] /G:/Earnmore/Finpro/backend/src/main/java/com/
fintech/finpro/service/LedgerService.java:[244,55] cannot find symbol
  build_output.txt:255:  symbol:   method getParticulars()
  build_output.txt:256:  location: variable t of type 
com.fintech.finpro.entity.LedgerTransaction
> build_output.txt:257:[ERROR] /G:/Earnmore/Finpro/backend/src/main/java/com/
fintech/finpro/service/LedgerService.java:[245,55] cannot find symbol
  build_output.txt:258:  symbol:   method getReferenceId()
  build_output.txt:259:  location: variable t of type 
com.fintech.finpro.entity.LedgerTransaction
> build_output.txt:260:[ERROR] /G:/Earnmore/Finpro/backend/src/main/java/com/
fintech/finpro/service/LedgerService.java:[246,50] cannot find symbol
  build_output.txt:261:  symbol:   method getStatus()
  build_output.txt:262:  location: variable t of type 
com.fintech.finpro.entity.LedgerTransaction
> build_output.txt:263:[ERROR] /G:/Earnmore/Finpro/backend/src/main/java/com/
fintech/finpro/service/LedgerService.java:[250,66] cannot find symbol
  build_output.txt:264:  symbol:   method builder()
  build_output.txt:265:  location: class 
com.fintech.finpro.dto.AccountStatementDTO
> build_output.txt:266:[ERROR] /G:/Earnmore/Finpro/backend/src/main/java/com/
fintech/finpro/service/LedgerService.java:[256,56] cannot find symbol
  build_output.txt:267:  symbol:   method getBalance()
  build_output.txt:268:  location: variable account of type 
com.fintech.finpro.entity.LedgerAccount
> build_output.txt:269:[ERROR] /G:/Earnmore/Finpro/backend/src/main/java/com/
fintech/finpro/service/CustomerService.java:[41,37] cannot find symbol
  build_output.txt:270:  symbol:   method builder()
  build_output.txt:271:  location: class com.fintech.finpro.entity.Customer
> build_output.txt:272:[ERROR] /G:/Earnmore/Finpro/backend/src/main/java/com/
fintech/finpro/service/CustomerService.java:[42,31] cannot find symbol
  build_output.txt:273:  symbol:   method getFirstName()
  build_output.txt:274:  location: variable dto of type 
com.fintech.finpro.dto.CustomerCreateDTO
> build_output.txt:275:[ERROR] /G:/Earnmore/Finpro/backend/src/main/java/com/
fintech/finpro/service/CustomerService.java:[43,30] cannot find symbol
  build_output.txt:276:  symbol:   method getLastName()
  build_output.txt:277:  location: variable dto of type 
com.fintech.finpro.dto.CustomerCreateDTO
> build_output.txt:278:[ERROR] /G:/Earnmore/Finpro/backend/src/main/java/com/
fintech/finpro/service/CustomerService.java:[44,27] cannot find symbol
  build_output.txt:279:  symbol:   method getEmail()
  build_output.txt:280:  location: variable dto of type 
com.fintech.finpro.dto.CustomerCreateDTO
> build_output.txt:281:[ERROR] /G:/Earnmore/Finpro/backend/src/main/java/com/
fintech/finpro/service/CustomerService.java:[45,27] cannot find symbol
  build_output.txt:282:  symbol:   method getPhone()
  build_output.txt:283:  location: variable dto of type 
com.fintech.finpro.dto.CustomerCreateDTO
> build_output.txt:284:[ERROR] /G:/Earnmore/Finpro/backend/src/main/java/com/
fintech/finpro/service/CustomerService.java:[46,28] cannot find symbol
  build_output.txt:285:  symbol:   method getGender()
  build_output.txt:286:  location: variable dto of type 
com.fintech.finpro.dto.CustomerCreateDTO
> build_output.txt:287:[ERROR] /G:/Earnmore/Finpro/backend/src/main/java/com/
fintech/finpro/service/CustomerService.java:[47,33] cannot find symbol
  build_output.txt:288:  symbol:   method getDateOfBirth()
  build_output.txt:289:  location: variable dto of type 
com.fintech.finpro.dto.CustomerCreateDTO
> build_output.txt:290:[ERROR] /G:/Earnmore/Finpro/backend/src/main/java/com/
fintech/finpro/service/CustomerService.java:[48,35] cannot find symbol
  build_output.txt:291:  symbol:   method getContactNumber()
  build_output.txt:292:  location: variable dto of type 
com.fintech.finpro.dto.CustomerCreateDTO
> build_output.txt:293:[ERROR] /G:/Earnmore/Finpro/backend/src/main/java/com/
fintech/finpro/service/CustomerService.java:[49,39] cannot find symbol
  build_output.txt:294:  symbol:   method getBankAccountNumber()
  build_output.txt:295:  location: variable dto of type 
com.fintech.finpro.dto.CustomerCreateDTO
> build_output.txt:296:[ERROR] /G:/Earnmore/Finpro/backend/src/main/java/com/
fintech/finpro/service/CustomerService.java:[50,29] cannot find symbol
  build_output.txt:297:  symbol:   method getAddress()
  build_output.txt:298:  location: variable dto of type 
com.fintech.finpro.dto.CustomerCreateDTO
> build_output.txt:299:[ERROR] /G:/Earnmore/Finpro/backend/src/main/java/com/
fintech/finpro/service/CustomerService.java:[51,39] cannot find symbol
  build_output.txt:300:  symbol:   method getCitizenshipNumber()
  build_output.txt:301:  location: variable dto of type 
com.fintech.finpro.dto.CustomerCreateDTO
> build_output.txt:302:[ERROR] /G:/Earnmore/Finpro/backend/src/main/java/com/
fintech/finpro/service/CustomerService.java:[52,31] cannot find symbol
  build_output.txt:303:  symbol:   method getNidNumber()
  build_output.txt:304:  location: variable dto of type 
com.fintech.finpro.dto.CustomerCreateDTO
> build_output.txt:305:[ERROR] /G:/Earnmore/Finpro/backend/src/main/java/com/
fintech/finpro/service/CustomerService.java:[54,31] cannot find symbol
  build_output.txt:306:  symbol:   method getPhotoPath()
  build_output.txt:307:  location: variable dto of type 
com.fintech.finpro.dto.CustomerCreateDTO
> build_output.txt:308:[ERROR] /G:/Earnmore/Finpro/backend/src/main/java/com/
fintech/finpro/service/CustomerService.java:[55,35] cannot find symbol
  build_output.txt:309:  symbol:   method getSignaturePath()
  build_output.txt:310:  location: variable dto of type 
com.fintech.finpro.dto.CustomerCreateDTO
> build_output.txt:311:[ERROR] /G:/Earnmore/Finpro/backend/src/main/java/com/
fintech/finpro/service/CustomerService.java:[56,39] cannot find symbol
  build_output.txt:312:  symbol:   method getGuardianPhotoPath()
  build_output.txt:313:  location: variable dto of type 
com.fintech.finpro.dto.CustomerCreateDTO
> build_output.txt:314:[ERROR] /G:/Earnmore/Finpro/backend/src/main/java/com/
fintech/finpro/service/CustomerService.java:[57,43] cannot find symbol
  build_output.txt:315:  symbol:   method getGuardianSignaturePath()
  build_output.txt:316:  location: variable dto of type 
com.fintech.finpro.dto.CustomerCreateDTO
> build_output.txt:317:[ERROR] /G:/Earnmore/Finpro/backend/src/main/java/com/
fintech/finpro/service/CustomerService.java:[63,70] cannot find symbol
  build_output.txt:318:  symbol:   method setCreatedByUserId(java.lang.Long)
  build_output.txt:319:  location: variable customer of type 
com.fintech.finpro.entity.Customer
> build_output.txt:320:[ERROR] /G:/Earnmore/Finpro/backend/src/main/java/com/
fintech/finpro/service/CustomerService.java:[68,21] cannot find symbol
  build_output.txt:321:  symbol:   method setKycStatus(java.lang.String)
  build_output.txt:322:  location: variable customer of type 
com.fintech.finpro.entity.Customer
> build_output.txt:323:[ERROR] /G:/Earnmore/Finpro/backend/src/main/java/com/
fintech/finpro/service/CustomerService.java:[70,21] cannot find symbol
  build_output.txt:324:  symbol:   method setKycStatus(java.lang.String)
  build_output.txt:325:  location: variable customer of type 
com.fintech.finpro.entity.Customer
> build_output.txt:326:[INFO] 100 errors 
  build_output.txt:327:[INFO] 
-------------------------------------------------------------
  build_output.txt:328:[INFO] 
------------------------------------------------------------------------
  build_output.txt:332:[INFO] Finished at: 2026-02-14T11:39:58+05:45
  build_output.txt:333:[INFO] 
------------------------------------------------------------------------
> build_output.txt:334:[ERROR] Failed to execute goal 
org.apache.maven.plugins:maven-compiler-plugin:3.11.0:compile 
(default-compile) on project finpro-backend: Compilation failure: 
Compilation failure: 
> build_output.txt:335:[ERROR] /G:/Earnmore/Finpro/backend/src/main/java/com/
fintech/finpro/service/IPOApplicationService.java:[263,77] variable 
customerPortfolioRepository is already defined in class 
com.fintech.finpro.service.IPOApplicationService
> build_output.txt:336:[ERROR] /G:/Earnmore/Finpro/backend/src/main/java/com/
fintech/finpro/entity/Investor.java:[62,65] cannot find symbol
> build_output.txt:337:[ERROR]   symbol:   method getBalance()
> build_output.txt:338:[ERROR]   location: variable capitalAccount of type 
com.fintech.finpro.entity.SystemAccount
> build_output.txt:339:[ERROR] /G:/Earnmore/Finpro/backend/src/main/java/com/
fintech/finpro/service/InvestorService.java:[35,49] cannot find symbol
> build_output.txt:340:[ERROR]   symbol:   method getEmail()
> build_output.txt:341:[ERROR]   location: variable request of type 
com.fintech.finpro.dto.CreateInvestorRequest
> build_output.txt:342:[ERROR] /G:/Earnmore/Finpro/backend/src/main/java/com/
fintech/finpro/service/InvestorService.java:[36,74] cannot find symbol
> build_output.txt:343:[ERROR]   symbol:   method getEmail()
> build_output.txt:344:[ERROR]   location: variable request of type 
com.fintech.finpro.dto.CreateInvestorRequest
> build_output.txt:345:[ERROR] /G:/Earnmore/Finpro/backend/src/main/java/com/
fintech/finpro/service/InvestorService.java:[41,25] cannot find symbol
> build_output.txt:346:[ERROR]   symbol:   method builder()
> build_output.txt:347:[ERROR]   location: class 
com.fintech.finpro.entity.User
> build_output.txt:348:[ERROR] /G:/Earnmore/Finpro/backend/src/main/java/com/
fintech/finpro/service/InvestorService.java:[42,31] cannot find symbol
> build_output.txt:349:[ERROR]   symbol:   method getEmail()
> build_output.txt:350:[ERROR]   location: variable request of type 
com.fintech.finpro.dto.CreateInvestorRequest
> build_output.txt:351:[ERROR] /G:/Earnmore/Finpro/backend/src/main/java/com/
fintech/finpro/service/InvestorService.java:[43,30] cannot find symbol
> build_output.txt:352:[ERROR]   symbol:   method getName()
> build_output.txt:353:[ERROR]   location: variable request of type 
com.fintech.finpro.dto.CreateInvestorRequest
> build_output.txt:354:[ERROR] /G:/Earnmore/Finpro/backend/src/main/java/com/
fintech/finpro/service/InvestorService.java:[46,38] cannot find symbol
> build_output.txt:355:[ERROR]   symbol:   method getTenantId()
> build_output.txt:356:[ERROR]   location: variable currentUser of type 
com.fintech.finpro.entity.User
> build_output.txt:357:[ERROR] /G:/Earnmore/Finpro/backend/src/main/java/com/
fintech/finpro/service/InvestorService.java:[51,31] cannot find symbol
> build_output.txt:358:[ERROR]   symbol:   method getPhone()
> build_output.txt:359:[ERROR]   location: variable request of type 
com.fintech.finpro.dto.CreateInvestorRequest
> build_output.txt:360:[ERROR] /G:/Earnmore/Finpro/backend/src/main/java/com/
fintech/finpro/service/InvestorService.java:[57,57] cannot find symbol
> build_output.txt:361:[ERROR]   symbol:   method getInitialInvestment()
> build_output.txt:362:[ERROR]   location: variable request of type 
com.fintech.finpro.dto.CreateInvestorRequest
> build_output.txt:363:[ERROR] /G:/Earnmore/Finpro/backend/src/main/java/com/
fintech/finpro/service/InvestorService.java:[58,24] cannot find symbol
> build_output.txt:364:[ERROR]   symbol:   method getNickname()
> build_output.txt:365:[ERROR]   location: variable request of type 
com.fintech.finpro.dto.CreateInvestorRequest
> build_output.txt:366:[ERROR] /G:/Earnmore/Finpro/backend/src/main/java/com/
fintech/finpro/service/InvestorService.java:[58,56] cannot find symbol
> build_output.txt:367:[ERROR]   symbol:   method getNickname()
> build_output.txt:368:[ERROR]   location: variable request of type 
com.fintech.finpro.dto.CreateInvestorRequest
> build_output.txt:369:[ERROR] /G:/Earnmore/Finpro/backend/src/main/java/com/
fintech/finpro/service/InvestorService.java:[58,80] cannot find symbol
> build_output.txt:370:[ERROR]   symbol:   method getName()
> build_output.txt:371:[ERROR]   location: variable request of type 
com.fintech.finpro.dto.CreateInvestorRequest
> build_output.txt:372:[ERROR] /G:/Earnmore/Finpro/backend/src/main/java/com/
fintech/finpro/service/InvestorService.java:[72,51] cannot find symbol
> build_output.txt:373:[ERROR]   symbol:   method getName()
> build_output.txt:374:[ERROR]   location: variable user of type 
com.fintech.finpro.entity.User
> build_output.txt:375:[ERROR] /G:/Earnmore/Finpro/backend/src/main/java/com/
fintech/finpro/service/InvestorService.java:[81,37] cannot find symbol
> build_output.txt:376:[ERROR]   symbol:   method builder()
> build_output.txt:377:[ERROR]   location: class 
com.fintech.finpro.entity.Investor
> build_output.txt:378:[ERROR] /G:/Earnmore/Finpro/backend/src/main/java/com/
fintech/finpro/service/InvestorService.java:[84,61] cannot find symbol
> build_output.txt:379:[ERROR]   symbol:   method getName()
> build_output.txt:380:[ERROR]   location: variable user of type 
com.fintech.finpro.entity.User
> build_output.txt:381:[ERROR] /G:/Earnmore/Finpro/backend/src/main/java/com/
fintech/finpro/service/InvestorService.java:[107,42] cannot find symbol
> build_output.txt:382:[ERROR]   symbol:   method builder()
> build_output.txt:383:[ERROR]   location: class 
com.fintech.finpro.entity.Investor
> build_output.txt:384:[ERROR] /G:/Earnmore/Finpro/backend/src/main/java/com/
fintech/finpro/service/InvestorService.java:[129,36] cannot find symbol
> build_output.txt:385:[ERROR]   symbol:   method getIsAdmin()
> build_output.txt:386:[ERROR]   location: variable inv of type 
com.fintech.finpro.entity.Investor
> build_output.txt:387:[ERROR] /G:/Earnmore/Finpro/backend/src/main/java/com/
fintech/finpro/service/InvestorService.java:[129,56] cannot find symbol
> build_output.txt:388:[ERROR]   symbol:   method getInvestorCode()
> build_output.txt:389:[ERROR]   location: variable inv of type 
com.fintech.finpro.entity.Investor
> build_output.txt:390:[ERROR] /G:/Earnmore/Finpro/backend/src/main/java/com/
fintech/finpro/service/InvestorService.java:[132,52] cannot find symbol
> build_output.txt:391:[ERROR]   symbol:   method getInvestorCode()
> build_output.txt:392:[ERROR]   location: variable inv of type 
com.fintech.finpro.entity.Investor
> build_output.txt:393:[ERROR] /G:/Earnmore/Finpro/backend/src/main/java/com/
fintech/finpro/service/InvestorService.java:[157,43] cannot find symbol
> build_output.txt:394:[ERROR]   symbol:   method getTotalInvested()
> build_output.txt:395:[ERROR]   location: variable investor of type 
com.fintech.finpro.entity.Investor
> build_output.txt:396:[ERROR] /G:/Earnmore/Finpro/backend/src/main/java/com/
fintech/finpro/service/InvestorService.java:[160,51] cannot find symbol
> build_output.txt:397:[ERROR]   symbol:   method getCapitalAccount()
> build_output.txt:398:[ERROR]   location: variable investor of type 
com.fintech.finpro.entity.Investor
> build_output.txt:399:[ERROR] /G:/Earnmore/Finpro/backend/src/main/java/com/
fintech/finpro/service/SystemAccountService.java:[29,9] cannot find symbol
> build_output.txt:400:[ERROR]   symbol:   variable log
> build_output.txt:401:[ERROR]   location: class 
com.fintech.finpro.service.SystemAccountService
> build_output.txt:402:[ERROR] /G:/Earnmore/Finpro/backend/src/main/java/com/
fintech/finpro/service/SystemAccountService.java:[33,54] cannot find symbol
> build_output.txt:403:[ERROR]   symbol:   method builder()
> build_output.txt:404:[ERROR]   location: class 
com.fintech.finpro.entity.SystemAccount
> build_output.txt:405:[ERROR] /G:/Earnmore/Finpro/backend/src/main/java/com/
fintech/finpro/service/SystemAccountService.java:[41,13] cannot find symbol
> build_output.txt:406:[ERROR]   symbol:   variable log
> build_output.txt:407:[ERROR]   location: class 
com.fintech.finpro.service.SystemAccountService
> build_output.txt:408:[ERROR] /G:/Earnmore/Finpro/backend/src/main/java/com/
fintech/finpro/service/SystemAccountService.java:[46,55] cannot find symbol
> build_output.txt:409:[ERROR]   symbol:   method builder()
> build_output.txt:410:[ERROR]   location: class 
com.fintech.finpro.entity.SystemAccount
> build_output.txt:411:[ERROR] /G:/Earnmore/Finpro/backend/src/main/java/com/
fintech/finpro/service/SystemAccountService.java:[54,13] cannot find symbol
> build_output.txt:412:[ERROR]   symbol:   variable log
> build_output.txt:413:[ERROR]   location: class 
com.fintech.finpro.service.SystemAccountService
> build_output.txt:414:[ERROR] /G:/Earnmore/Finpro/backend/src/main/java/com/
fintech/finpro/service/SystemAccountService.java:[59,59] cannot find symbol
> build_output.txt:415:[ERROR]   symbol:   method builder()
> build_output.txt:416:[ERROR]   location: class 
com.fintech.finpro.entity.SystemAccount
> build_output.txt:417:[ERROR] /G:/Earnmore/Finpro/backend/src/main/java/com/
fintech/finpro/service/SystemAccountService.java:[67,13] cannot find symbol
> build_output.txt:418:[ERROR]   symbol:   variable log
> build_output.txt:419:[ERROR]   location: class 
com.fintech.finpro.service.SystemAccountService
> build_output.txt:420:[ERROR] /G:/Earnmore/Finpro/backend/src/main/java/com/
fintech/finpro/service/SystemAccountService.java:[70,9] cannot find symbol
> build_output.txt:421:[ERROR]   symbol:   variable log
> build_output.txt:422:[ERROR]   location: class 
com.fintech.finpro.service.SystemAccountService
> build_output.txt:423:[ERROR] /G:/Earnmore/Finpro/backend/src/main/java/com/
fintech/finpro/service/SystemAccountService.java:[82,53] cannot find symbol
> build_output.txt:424:[ERROR]   symbol:   method builder()
> build_output.txt:425:[ERROR]   location: class 
com.fintech.finpro.entity.SystemAccount
> build_output.txt:426:[ERROR] /G:/Earnmore/Finpro/backend/src/main/java/com/
fintech/finpro/service/SystemAccountService.java:[92,9] cannot find symbol
> build_output.txt:427:[ERROR]   symbol:   variable log
> build_output.txt:428:[ERROR]   location: class 
com.fintech.finpro.service.SystemAccountService
> build_output.txt:429:[ERROR] /G:/Earnmore/Finpro/backend/src/main/java/com/
fintech/finpro/service/SystemAccountService.java:[103,50] cannot find symbol
> build_output.txt:430:[ERROR]   symbol:   method getAccountNumber()
> build_output.txt:431:[ERROR]   location: class 
com.fintech.finpro.entity.SystemAccount
> build_output.txt:432:[ERROR] /G:/Earnmore/Finpro/backend/src/main/java/com/
fintech/finpro/service/SystemAccountService.java:[167,16] cannot find symbol
> build_output.txt:433:[ERROR]   symbol:   method 
setBalance(java.math.BigDecimal)
> build_output.txt:434:[ERROR]   location: variable account of type 
com.fintech.finpro.entity.SystemAccount
> build_output.txt:435:[ERROR] /G:/Earnmore/Finpro/backend/src/main/java/com/
fintech/finpro/service/SystemAccountService.java:[169,9] cannot find symbol
> build_output.txt:436:[ERROR]   symbol:   variable log
> build_output.txt:437:[ERROR]   location: class 
com.fintech.finpro.service.SystemAccountService
> build_output.txt:438:[ERROR] /G:/Earnmore/Finpro/backend/src/main/java/com/
fintech/finpro/service/SystemAccountService.java:[169,65] cannot find symbol
> build_output.txt:439:[ERROR]   symbol:   method getAccountNumber()
> build_output.txt:440:[ERROR]   location: variable account of type 
com.fintech.finpro.entity.SystemAccount
> build_output.txt:441:[ERROR] /G:/Earnmore/Finpro/backend/src/main/java/com/
fintech/finpro/service/SystemAccountService.java:[178,35] cannot find symbol
> build_output.txt:442:[ERROR]   symbol:   method getBalance()
> build_output.txt:443:[ERROR]   location: variable account of type 
com.fintech.finpro.entity.SystemAccount
> build_output.txt:444:[ERROR] /G:/Earnmore/Finpro/backend/src/main/java/com/
fintech/finpro/service/SystemAccountService.java:[180,9] cannot find symbol
> build_output.txt:445:[ERROR]   symbol:   variable log
> build_output.txt:446:[ERROR]   location: class 
com.fintech.finpro.service.SystemAccountService
> build_output.txt:447:[ERROR] /G:/Earnmore/Finpro/backend/src/main/java/com/
fintech/finpro/service/SystemAccountService.java:[180,76] cannot find symbol
> build_output.txt:448:[ERROR]   symbol:   method getAccountNumber()
> build_output.txt:449:[ERROR]   location: variable account of type 
com.fintech.finpro.entity.SystemAccount
> build_output.txt:450:[ERROR] /G:/Earnmore/Finpro/backend/src/main/java/com/
fintech/finpro/service/SystemAccountService.java:[180,104] cannot find symbol
> build_output.txt:451:[ERROR]   symbol:   method getBalance()
> build_output.txt:452:[ERROR]   location: variable account of type 
com.fintech.finpro.entity.SystemAccount
> build_output.txt:453:[ERROR] /G:/Earnmore/Finpro/backend/src/main/java/com/
fintech/finpro/service/SystemAccountService.java:[189,40] cannot find symbol
> build_output.txt:454:[ERROR]   symbol:   method getBalance()
> build_output.txt:455:[ERROR]   location: variable account of type 
com.fintech.finpro.entity.SystemAccount
> build_output.txt:456:[ERROR] /G:/Earnmore/Finpro/backend/src/main/java/com/
fintech/finpro/service/SystemAccountService.java:[192,84] cannot find symbol
> build_output.txt:457:[ERROR]   symbol:   method getAccountNumber()
> build_output.txt:458:[ERROR]   location: variable account of type 
com.fintech.finpro.entity.SystemAccount
> build_output.txt:459:[ERROR] /G:/Earnmore/Finpro/backend/src/main/java/com/
fintech/finpro/service/SystemAccountService.java:[195,16] cannot find symbol
> build_output.txt:460:[ERROR]   symbol:   method 
setBalance(java.math.BigDecimal)
> build_output.txt:461:[ERROR]   location: variable account of type 
com.fintech.finpro.entity.SystemAccount
> build_output.txt:462:[ERROR] /G:/Earnmore/Finpro/backend/src/main/java/com/
fintech/finpro/service/SystemAccountService.java:[197,9] cannot find symbol
> build_output.txt:463:[ERROR]   symbol:   variable log
> build_output.txt:464:[ERROR]   location: class 
com.fintech.finpro.service.SystemAccountService
> build_output.txt:465:[ERROR] /G:/Earnmore/Finpro/backend/src/main/java/com/
fintech/finpro/service/SystemAccountService.java:[197,83] cannot find symbol
> build_output.txt:466:[ERROR]   symbol:   method getAccountNumber()
> build_output.txt:467:[ERROR]   location: variable account of type 
com.fintech.finpro.entity.SystemAccount
> build_output.txt:468:[ERROR] /G:/Earnmore/Finpro/backend/src/main/java/com/
fintech/finpro/service/SystemAccountService.java:[198,24] cannot find symbol
> build_output.txt:469:[ERROR]   symbol:   method getBalance()
> build_output.txt:470:[ERROR]   location: variable account of type 
com.fintech.finpro.entity.SystemAccount
> build_output.txt:471:[ERROR] /G:/Earnmore/Finpro/backend/src/main/java/com/
fintech/finpro/service/SystemAccountService.java:[216,20] cannot find symbol
> build_output.txt:472:[ERROR]   symbol:   method getOwnerId()
> build_output.txt:473:[ERROR]   location: variable account of type 
com.fintech.finpro.entity.SystemAccount
> build_output.txt:474:[ERROR] /G:/Earnmore/Finpro/backend/src/main/java/com/
fintech/finpro/service/SystemAccountService.java:[244,28] cannot find symbol
> build_output.txt:475:[ERROR]   symbol:   method getAccountCode()
> build_output.txt:476:[ERROR]   location: variable account of type 
com.fintech.finpro.entity.SystemAccount
> build_output.txt:477:[ERROR] /G:/Earnmore/Finpro/backend/src/main/java/com/
fintech/finpro/service/SystemAccountService.java:[247,35] cannot find symbol
> build_output.txt:478:[ERROR]   symbol:   method getAccountCode()
> build_output.txt:479:[ERROR]   location: variable account of type 
com.fintech.finpro.entity.SystemAccount
> build_output.txt:480:[ERROR] /G:/Earnmore/Finpro/backend/src/main/java/com/
fintech/finpro/service/SystemAccountService.java:[274,34] cannot find symbol
> build_output.txt:481:[ERROR]   symbol:   method getAmount()
> build_output.txt:482:[ERROR]   location: variable t of type 
com.fintech.finpro.entity.LedgerTransaction
> build_output.txt:483:[ERROR] /G:/Earnmore/Finpro/backend/src/main/java/com/
fintech/finpro/service/SystemAccountService.java:[279,18] cannot find symbol
> build_output.txt:484:[ERROR]   symbol:   method getCreditAccount()
> build_output.txt:485:[ERROR]   location: variable t of type 
com.fintech.finpro.entity.LedgerTransaction
> build_output.txt:486:[ERROR] /G:/Earnmore/Finpro/backend/src/main/java/com/
fintech/finpro/service/SystemAccountService.java:[281,25] cannot find symbol
> build_output.txt:487:[ERROR]   symbol:   method getDebitAccount()
> build_output.txt:488:[ERROR]   location: variable t of type 
com.fintech.finpro.entity.LedgerTransaction
> build_output.txt:489:[ERROR] /G:/Earnmore/Finpro/backend/src/main/java/com/
fintech/finpro/service/SystemAccountService.java:[285,74] cannot find symbol
> build_output.txt:490:[ERROR]   symbol:   method builder()
> build_output.txt:491:[ERROR]   location: class 
com.fintech.finpro.dto.BankTransactionDTO
> build_output.txt:492:[ERROR] /G:/Earnmore/Finpro/backend/src/main/java/com/
fintech/finpro/service/SystemAccountService.java:[288,28] cannot find symbol
> build_output.txt:493:[ERROR]   symbol:   method getTransactionType()
> build_output.txt:494:[ERROR]   location: variable t of type 
com.fintech.finpro.entity.LedgerTransaction
> build_output.txt:495:[ERROR] /G:/Earnmore/Finpro/backend/src/main/java/com/
fintech/finpro/service/SystemAccountService.java:[289,30] cannot find symbol
> build_output.txt:496:[ERROR]   symbol:   method getAmount()
> build_output.txt:497:[ERROR]   location: variable t of type 
com.fintech.finpro.entity.LedgerTransaction
> build_output.txt:498:[ERROR] /G:/Earnmore/Finpro/backend/src/main/java/com/
fintech/finpro/service/SystemAccountService.java:[291,35] cannot find symbol
> build_output.txt:499:[ERROR]   symbol:   method getParticulars()
> build_output.txt:500:[ERROR]   location: variable t of type 
com.fintech.finpro.entity.LedgerTransaction
> build_output.txt:501:[ERROR] /G:/Earnmore/Finpro/backend/src/main/java/com/
fintech/finpro/service/SystemAccountService.java:[292,35] cannot find symbol
> build_output.txt:502:[ERROR]   symbol:   method getReferenceId()
> build_output.txt:503:[ERROR]   location: variable t of type 
com.fintech.finpro.entity.LedgerTransaction
> build_output.txt:504:[ERROR] /G:/Earnmore/Finpro/backend/src/main/java/com/
fintech/finpro/service/SystemAccountService.java:[293,30] cannot find symbol
> build_output.txt:505:[ERROR]   symbol:   method getStatus()
> build_output.txt:506:[ERROR]   location: variable t of type 
com.fintech.finpro.entity.LedgerTransaction
> build_output.txt:507:[ERROR] /G:/Earnmore/Finpro/backend/src/main/java/com/
fintech/finpro/service/SystemAccountService.java:[300,58] cannot find symbol
> build_output.txt:508:[ERROR]   symbol:   method builder()
> build_output.txt:509:[ERROR]   location: class 
com.fintech.finpro.dto.AccountStatementDTO
> build_output.txt:510:[ERROR] /G:/Earnmore/Finpro/backend/src/main/java/com/
fintech/finpro/service/SystemAccountService.java:[302,39] cannot find symbol
> build_output.txt:511:[ERROR]   symbol:   method getAccountNumber()
> build_output.txt:512:[ERROR]   location: variable account of type 
com.fintech.finpro.entity.SystemAccount
> build_output.txt:513:[ERROR] /G:/Earnmore/Finpro/backend/src/main/java/com/
fintech/finpro/service/SystemAccountService.java:[305,40] cannot find symbol
> build_output.txt:514:[ERROR]   symbol:   method getBalance()
> build_output.txt:515:[ERROR]   location: variable account of type 
com.fintech.finpro.entity.SystemAccount
> build_output.txt:516:[ERROR] /G:/Earnmore/Finpro/backend/src/main/java/com/
fintech/finpro/service/LedgerService.java:[29,101] cannot find symbol
> build_output.txt:517:[ERROR]   symbol:   method builder()
> build_output.txt:518:[ERROR]   location: class 
com.fintech.finpro.entity.LedgerAccount
> build_output.txt:519:[ERROR] /G:/Earnmore/Finpro/backend/src/main/java/com/
fintech/finpro/service/LedgerService.java:[57,45] cannot find symbol
> build_output.txt:520:[ERROR]   symbol:   method getBalance()
> build_output.txt:521:[ERROR]   location: variable debitAcc of type 
com.fintech.finpro.entity.LedgerAccount
> build_output.txt:522:[ERROR] /G:/Earnmore/Finpro/backend/src/main/java/com/
fintech/finpro/service/LedgerService.java:[58,47] cannot find symbol
> build_output.txt:523:[ERROR]   symbol:   method getBalance()
> build_output.txt:524:[ERROR]   location: variable creditAcc of type 
com.fintech.finpro.entity.LedgerAccount
> build_output.txt:525:[ERROR] /G:/Earnmore/Finpro/backend/src/main/java/com/
fintech/finpro/service/LedgerService.java:[64,66] cannot find symbol
> build_output.txt:526:[ERROR]   symbol:   method builder()
> build_output.txt:527:[ERROR]   location: class 
com.fintech.finpro.entity.LedgerTransaction
> build_output.txt:528:[ERROR] /G:/Earnmore/Finpro/backend/src/main/java/com/
fintech/finpro/service/LedgerService.java:[77,28] cannot find symbol
> build_output.txt:529:[ERROR]   symbol:   method 
setReferenceId(java.lang.String)
> build_output.txt:530:[ERROR]   location: variable transaction of type 
com.fintech.finpro.entity.LedgerTransaction
> build_output.txt:531:[ERROR] /G:/Earnmore/Finpro/backend/src/main/java/com/
fintech/finpro/service/LedgerService.java:[121,94] cannot find symbol
> build_output.txt:532:[ERROR]   symbol:   method builder()
> build_output.txt:533:[ERROR]   location: class 
com.fintech.finpro.entity.LedgerAccount
> build_output.txt:534:[ERROR] /G:/Earnmore/Finpro/backend/src/main/java/com/
fintech/finpro/service/LedgerService.java:[136,51] cannot find symbol
> build_output.txt:535:[ERROR]   symbol:   method getAccountType()
> build_output.txt:536:[ERROR]   location: variable acc of type 
com.fintech.finpro.entity.LedgerAccount
> build_output.txt:537:[ERROR] /G:/Earnmore/Finpro/backend/src/main/java/com/
fintech/finpro/service/LedgerService.java:[137,55] cannot find symbol
> build_output.txt:538:[ERROR]   symbol:   method getAccountType()
> build_output.txt:539:[ERROR]   location: variable acc of type 
com.fintech.finpro.entity.LedgerAccount
> build_output.txt:540:[ERROR] /G:/Earnmore/Finpro/backend/src/main/java/com/
fintech/finpro/service/LedgerService.java:[154,93] cannot find symbol
> build_output.txt:541:[ERROR]   symbol:   method builder()
> build_output.txt:542:[ERROR]   location: class 
com.fintech.finpro.entity.LedgerAccount
> build_output.txt:543:[ERROR] /G:/Earnmore/Finpro/backend/src/main/java/com/
fintech/finpro/service/LedgerService.java:[177,46] cannot find symbol
> build_output.txt:544:[ERROR]   symbol:   method getOwnerId()
> build_output.txt:545:[ERROR]   location: variable targetAccount of type 
com.fintech.finpro.entity.SystemAccount
> build_output.txt:546:[ERROR] /G:/Earnmore/Finpro/backend/src/main/java/com/
fintech/finpro/service/LedgerService.java:[205,46] cannot find symbol
> build_output.txt:547:[ERROR]   symbol:   method getOwnerId()
> build_output.txt:548:[ERROR]   location: variable targetAccount of type 
com.fintech.finpro.entity.SystemAccount
> build_output.txt:549:[ERROR] /G:/Earnmore/Finpro/backend/src/main/java/com/
fintech/finpro/service/LedgerService.java:[238,86] cannot find symbol
> build_output.txt:550:[ERROR]   symbol:   method builder()
> build_output.txt:551:[ERROR]   location: class 
com.fintech.finpro.dto.BankTransactionDTO
> build_output.txt:552:[ERROR] /G:/Earnmore/Finpro/backend/src/main/java/com/
fintech/finpro/service/LedgerService.java:[241,48] cannot find symbol
> build_output.txt:553:[ERROR]   symbol:   method getTransactionType()
> build_output.txt:554:[ERROR]   location: variable t of type 
com.fintech.finpro.entity.LedgerTransaction
> build_output.txt:555:[ERROR] /G:/Earnmore/Finpro/backend/src/main/java/com/
fintech/finpro/service/LedgerService.java:[241,81] cannot find symbol
> build_output.txt:556:[ERROR]   symbol:   method getTransactionType()
> build_output.txt:557:[ERROR]   location: variable t of type 
com.fintech.finpro.entity.LedgerTransaction
> build_output.txt:558:[ERROR] /G:/Earnmore/Finpro/backend/src/main/java/com/
fintech/finpro/service/LedgerService.java:[243,50] cannot find symbol
> build_output.txt:559:[ERROR]   symbol:   method getAmount()
> build_output.txt:560:[ERROR]   location: variable t of type 
com.fintech.finpro.entity.LedgerTransaction
> build_output.txt:561:[ERROR] /G:/Earnmore/Finpro/backend/src/main/java/com/
fintech/finpro/service/LedgerService.java:[244,55] cannot find symbol
> build_output.txt:562:[ERROR]   symbol:   method getParticulars()
> build_output.txt:563:[ERROR]   location: variable t of type 
com.fintech.finpro.entity.LedgerTransaction
> build_output.txt:564:[ERROR] /G:/Earnmore/Finpro/backend/src/main/java/com/
fintech/finpro/service/LedgerService.java:[245,55] cannot find symbol
> build_output.txt:565:[ERROR]   symbol:   method getReferenceId()
> build_output.txt:566:[ERROR]   location: variable t of type 
com.fintech.finpro.entity.LedgerTransaction
> build_output.txt:567:[ERROR] /G:/Earnmore/Finpro/backend/src/main/java/com/
fintech/finpro/service/LedgerService.java:[246,50] cannot find symbol
> build_output.txt:568:[ERROR]   symbol:   method getStatus()
> build_output.txt:569:[ERROR]   location: variable t of type 
com.fintech.finpro.entity.LedgerTransaction
> build_output.txt:570:[ERROR] /G:/Earnmore/Finpro/backend/src/main/java/com/
fintech/finpro/service/LedgerService.java:[250,66] cannot find symbol
> build_output.txt:571:[ERROR]   symbol:   method builder()
> build_output.txt:572:[ERROR]   location: class 
com.fintech.finpro.dto.AccountStatementDTO
> build_output.txt:573:[ERROR] /G:/Earnmore/Finpro/backend/src/main/java/com/
fintech/finpro/service/LedgerService.java:[256,56] cannot find symbol
> build_output.txt:574:[ERROR]   symbol:   method getBalance()
> build_output.txt:575:[ERROR]   location: variable account of type 
com.fintech.finpro.entity.LedgerAccount
> build_output.txt:576:[ERROR] /G:/Earnmore/Finpro/backend/src/main/java/com/
fintech/finpro/service/CustomerService.java:[41,37] cannot find symbol
> build_output.txt:577:[ERROR]   symbol:   method builder()
> build_output.txt:578:[ERROR]   location: class 
com.fintech.finpro.entity.Customer
> build_output.txt:579:[ERROR] /G:/Earnmore/Finpro/backend/src/main/java/com/
fintech/finpro/service/CustomerService.java:[42,31] cannot find symbol
> build_output.txt:580:[ERROR]   symbol:   method getFirstName()
> build_output.txt:581:[ERROR]   location: variable dto of type 
com.fintech.finpro.dto.CustomerCreateDTO
> build_output.txt:582:[ERROR] /G:/Earnmore/Finpro/backend/src/main/java/com/
fintech/finpro/service/CustomerService.java:[43,30] cannot find symbol
> build_output.txt:583:[ERROR]   symbol:   method getLastName()
> build_output.txt:584:[ERROR]   location: variable dto of type 
com.fintech.finpro.dto.CustomerCreateDTO
> build_output.txt:585:[ERROR] /G:/Earnmore/Finpro/backend/src/main/java/com/
fintech/finpro/service/CustomerService.java:[44,27] cannot find symbol
> build_output.txt:586:[ERROR]   symbol:   method getEmail()
> build_output.txt:587:[ERROR]   location: variable dto of type 
com.fintech.finpro.dto.CustomerCreateDTO
> build_output.txt:588:[ERROR] /G:/Earnmore/Finpro/backend/src/main/java/com/
fintech/finpro/service/CustomerService.java:[45,27] cannot find symbol
> build_output.txt:589:[ERROR]   symbol:   method getPhone()
> build_output.txt:590:[ERROR]   location: variable dto of type 
com.fintech.finpro.dto.CustomerCreateDTO
> build_output.txt:591:[ERROR] /G:/Earnmore/Finpro/backend/src/main/java/com/
fintech/finpro/service/CustomerService.java:[46,28] cannot find symbol
> build_output.txt:592:[ERROR]   symbol:   method getGender()
> build_output.txt:593:[ERROR]   location: variable dto of type 
com.fintech.finpro.dto.CustomerCreateDTO
> build_output.txt:594:[ERROR] /G:/Earnmore/Finpro/backend/src/main/java/com/
fintech/finpro/service/CustomerService.java:[47,33] cannot find symbol
> build_output.txt:595:[ERROR]   symbol:   method getDateOfBirth()
> build_output.txt:596:[ERROR]   location: variable dto of type 
com.fintech.finpro.dto.CustomerCreateDTO
> build_output.txt:597:[ERROR] /G:/Earnmore/Finpro/backend/src/main/java/com/
fintech/finpro/service/CustomerService.java:[48,35] cannot find symbol
> build_output.txt:598:[ERROR]   symbol:   method getContactNumber()
> build_output.txt:599:[ERROR]   location: variable dto of type 
com.fintech.finpro.dto.CustomerCreateDTO
> build_output.txt:600:[ERROR] /G:/Earnmore/Finpro/backend/src/main/java/com/
fintech/finpro/service/CustomerService.java:[49,39] cannot find symbol
> build_output.txt:601:[ERROR]   symbol:   method getBankAccountNumber()
> build_output.txt:602:[ERROR]   location: variable dto of type 
com.fintech.finpro.dto.CustomerCreateDTO
> build_output.txt:603:[ERROR] /G:/Earnmore/Finpro/backend/src/main/java/com/
fintech/finpro/service/CustomerService.java:[50,29] cannot find symbol
> build_output.txt:604:[ERROR]   symbol:   method getAddress()
> build_output.txt:605:[ERROR]   location: variable dto of type 
com.fintech.finpro.dto.CustomerCreateDTO
> build_output.txt:606:[ERROR] /G:/Earnmore/Finpro/backend/src/main/java/com/
fintech/finpro/service/CustomerService.java:[51,39] cannot find symbol
> build_output.txt:607:[ERROR]   symbol:   method getCitizenshipNumber()
> build_output.txt:608:[ERROR]   location: variable dto of type 
com.fintech.finpro.dto.CustomerCreateDTO
> build_output.txt:609:[ERROR] /G:/Earnmore/Finpro/backend/src/main/java/com/
fintech/finpro/service/CustomerService.java:[52,31] cannot find symbol
> build_output.txt:610:[ERROR]   symbol:   method getNidNumber()
> build_output.txt:611:[ERROR]   location: variable dto of type 
com.fintech.finpro.dto.CustomerCreateDTO
> build_output.txt:612:[ERROR] /G:/Earnmore/Finpro/backend/src/main/java/com/
fintech/finpro/service/CustomerService.java:[54,31] cannot find symbol
> build_output.txt:613:[ERROR]   symbol:   method getPhotoPath()
> build_output.txt:614:[ERROR]   location: variable dto of type 
com.fintech.finpro.dto.CustomerCreateDTO
> build_output.txt:615:[ERROR] /G:/Earnmore/Finpro/backend/src/main/java/com/
fintech/finpro/service/CustomerService.java:[55,35] cannot find symbol
> build_output.txt:616:[ERROR]   symbol:   method getSignaturePath()
> build_output.txt:617:[ERROR]   location: variable dto of type 
com.fintech.finpro.dto.CustomerCreateDTO
> build_output.txt:618:[ERROR] /G:/Earnmore/Finpro/backend/src/main/java/com/
fintech/finpro/service/CustomerService.java:[56,39] cannot find symbol
> build_output.txt:619:[ERROR]   symbol:   method getGuardianPhotoPath()
> build_output.txt:620:[ERROR]   location: variable dto of type 
com.fintech.finpro.dto.CustomerCreateDTO
> build_output.txt:621:[ERROR] /G:/Earnmore/Finpro/backend/src/main/java/com/
fintech/finpro/service/CustomerService.java:[57,43] cannot find symbol
> build_output.txt:622:[ERROR]   symbol:   method getGuardianSignaturePath()
> build_output.txt:623:[ERROR]   location: variable dto of type 
com.fintech.finpro.dto.CustomerCreateDTO
> build_output.txt:624:[ERROR] /G:/Earnmore/Finpro/backend/src/main/java/com/
fintech/finpro/service/CustomerService.java:[63,70] cannot find symbol
> build_output.txt:625:[ERROR]   symbol:   method 
setCreatedByUserId(java.lang.Long)
> build_output.txt:626:[ERROR]   location: variable customer of type 
com.fintech.finpro.entity.Customer
> build_output.txt:627:[ERROR] /G:/Earnmore/Finpro/backend/src/main/java/com/
fintech/finpro/service/CustomerService.java:[68,21] cannot find symbol
> build_output.txt:628:[ERROR]   symbol:   method 
setKycStatus(java.lang.String)
> build_output.txt:629:[ERROR]   location: variable customer of type 
com.fintech.finpro.entity.Customer
> build_output.txt:630:[ERROR] /G:/Earnmore/Finpro/backend/src/main/java/com/
fintech/finpro/service/CustomerService.java:[70,21] cannot find symbol
> build_output.txt:631:[ERROR]   symbol:   method 
setKycStatus(java.lang.String)
> build_output.txt:632:[ERROR]   location: variable customer of type 
com.fintech.finpro.entity.Customer
> build_output.txt:633:[ERROR] -> [Help 1]
> build_output.txt:634:[ERROR] 
> build_output.txt:635:[ERROR] To see the full stack trace of the errors, 
re-run Maven with the -e switch.
> build_output.txt:636:[ERROR] Re-run Maven using the -X switch to enable 
full debug logging.
> build_output.txt:637:[ERROR] 
> build_output.txt:638:[ERROR] For more information about the errors and 
possible solutions, please read the following articles:
> build_output.txt:639:[ERROR] [Help 1] 
http://cwiki.apache.org/confluence/display/MAVEN/MojoFailureException


