[INFO] Scanning for projects...
[INFO] 
[INFO] ---------------------< com.fintech:finpro-backend >---------------------
[INFO] Building Finpro Backend 1.0.0
[INFO]   from pom.xml
[INFO] --------------------------------[ jar ]---------------------------------
[INFO] 
[INFO] --- resources:3.3.1:resources (default-resources) @ finpro-backend ---
[INFO] Copying 1 resource from src\main\resources to target\classes
[INFO] Copying 35 resources from src\main\resources to target\classes
[INFO] 
[INFO] --- compiler:3.11.0:compile (default-compile) @ finpro-backend ---
[INFO] Nothing to compile - all classes are up to date
[INFO] 
[INFO] --- resources:3.3.1:testResources (default-testResources) @ finpro-backend ---
[INFO] skip non existing resourceDirectory G:\Earnmore\Finpro\backend\src\test\resources
[INFO] 
[INFO] --- compiler:3.11.0:testCompile (default-testCompile) @ finpro-backend ---
[INFO] Nothing to compile - all classes are up to date
[INFO] 
[INFO] --- surefire:3.1.2:test (default-test) @ finpro-backend ---
[INFO] Using auto detected provider org.apache.maven.surefire.junitplatform.JUnitPlatformProvider
[INFO] 
[INFO] -------------------------------------------------------
[INFO]  T E S T S
[INFO] -------------------------------------------------------
[INFO] Running com.fintech.finpro.service.BulkCustomerServiceTest
mvn : WARNING: A Java agent has been loaded dynamically (C:\Users\abhip\.m2\r
epository\net\bytebuddy\byte-buddy-agent\1.14.11\byte-buddy-agent-1.14.11.jar
)
At line:1 char:1
+ mvn test -Dtest=BulkCustomerServiceTest > test_output.txt 2>&1
+ ~~~~~~~~~~~~~~~~~~~~~~~~~~~~~~~~~~~~~~~~~~~~~~~~~~~~~~~~~~~~~~
    + CategoryInfo          : NotSpecified: (WARNING: A Java...nt-1.14.11.ja 
   r):String) [], RemoteException
    + FullyQualifiedErrorId : NativeCommandError
 
WARNING: If a serviceability tool is in use, please run with 
-XX:+EnableDynamicAgentLoading to hide this warning
WARNING: If a serviceability tool is not in use, please run with 
-Djdk.instrument.traceUsage for more information
WARNING: Dynamic loading of agents will be disallowed by default in a future 
release
Java HotSpot(TM) 64-Bit Server VM warning: Sharing is only supported for 
boot loader classes because bootstrap classpath has been appended
[INFO] Tests run: 1, Failures: 0, Errors: 0, Skipped: 0, Time elapsed: 2.761 s -- in com.fintech.finpro.service.BulkCustomerServiceTest
[INFO] 
[INFO] Results:
[INFO] 
[INFO] Tests run: 1, Failures: 0, Errors: 0, Skipped: 0
[INFO] 
[INFO] ------------------------------------------------------------------------
[INFO] BUILD SUCCESS
[INFO] ------------------------------------------------------------------------
[INFO] Total time:  7.261 s
[INFO] Finished at: 2026-02-09T23:51:37+05:45
[INFO] ------------------------------------------------------------------------
